Archive member included to satisfy reference by file (symbol)

app/libapp.a(main.c.obj)      (--whole-archive)
app/libapp.a(my_lbs.c.obj)    (--whole-archive)
app/libapp.a(adc.c.obj)       (--whole-archive)
zephyr/libzephyr.a(cbprintf_packaged.c.obj)
                              (--whole-archive)
zephyr/libzephyr.a(dec.c.obj)
                              (--whole-archive)
zephyr/libzephyr.a(fdtable.c.obj)
                              (--whole-archive)
zephyr/libzephyr.a(hex.c.obj)
                              (--whole-archive)
zephyr/libzephyr.a(printk.c.obj)
                              (--whole-archive)
zephyr/libzephyr.a(rb.c.obj)  (--whole-archive)
zephyr/libzephyr.a(sem.c.obj)
                              (--whole-archive)
zephyr/libzephyr.a(thread_entry.c.obj)
                              (--whole-archive)
zephyr/libzephyr.a(timeutil.c.obj)
                              (--whole-archive)
zephyr/libzephyr.a(heap.c.obj)
                              (--whole-archive)
zephyr/libzephyr.a(heap-validate.c.obj)
                              (--whole-archive)
zephyr/libzephyr.a(bitarray.c.obj)
                              (--whole-archive)
zephyr/libzephyr.a(multi_heap.c.obj)
                              (--whole-archive)
zephyr/libzephyr.a(onoff.c.obj)
                              (--whole-archive)
zephyr/libzephyr.a(notify.c.obj)
                              (--whole-archive)
zephyr/libzephyr.a(cbprintf_complete.c.obj)
                              (--whole-archive)
zephyr/libzephyr.a(assert.c.obj)
                              (--whole-archive)
zephyr/libzephyr.a(mpsc_pbuf.c.obj)
                              (--whole-archive)
zephyr/libzephyr.a(reboot.c.obj)
                              (--whole-archive)
zephyr/libzephyr.a(configs.c.obj)
                              (--whole-archive)
zephyr/libzephyr.a(soc.c.obj)
                              (--whole-archive)
zephyr/libzephyr.a(sync_rtc.c.obj)
                              (--whole-archive)
zephyr/libzephyr.a(soc_nrf_common.S.obj)
                              (--whole-archive)
zephyr/libzephyr.a(validate_base_addresses.c.obj)
                              (--whole-archive)
zephyr/libzephyr.a(validate_enabled_instances.c.obj)
                              (--whole-archive)
zephyr/libzephyr.a(ipc_service.c.obj)
                              (--whole-archive)
zephyr/libzephyr.a(ipc_rpmsg_static_vrings.c.obj)
                              (--whole-archive)
zephyr/libzephyr.a(ipc_rpmsg.c.obj)
                              (--whole-archive)
zephyr/libzephyr.a(ipc_static_vrings.c.obj)
                              (--whole-archive)
zephyr/libzephyr.a(log_core.c.obj)
                              (--whole-archive)
zephyr/libzephyr.a(log_mgmt.c.obj)
                              (--whole-archive)
zephyr/libzephyr.a(log_cache.c.obj)
                              (--whole-archive)
zephyr/libzephyr.a(log_msg.c.obj)
                              (--whole-archive)
zephyr/libzephyr.a(log_output.c.obj)
                              (--whole-archive)
zephyr/libzephyr.a(log_backend_uart.c.obj)
                              (--whole-archive)
zephyr/libzephyr.a(tracing_none.c.obj)
                              (--whole-archive)
zephyr/libzephyr.a(addr_utils.c.obj)
                              (--whole-archive)
zephyr/libzephyr.a(flash_map_partition_manager.c.obj)
                              (--whole-archive)
zephyr/libzephyr.a(utils.c.obj)
                              (--whole-archive)
zephyr/libzephyr.a(aes_decrypt.c.obj)
                              (--whole-archive)
zephyr/libzephyr.a(aes_encrypt.c.obj)
                              (--whole-archive)
zephyr/libzephyr.a(cmac_mode.c.obj)
                              (--whole-archive)
zephyr/libzephyr.a(sha256.c.obj)
                              (--whole-archive)
zephyr/libzephyr.a(hmac.c.obj)
                              (--whole-archive)
zephyr/libzephyr.a(hmac_prng.c.obj)
                              (--whole-archive)
zephyr/libzephyr.a(nrf_cc3xx_platform_abort_zephyr.c.obj)
                              (--whole-archive)
zephyr/libzephyr.a(nrf_cc3xx_platform_mutex_zephyr.c.obj)
                              (--whole-archive)
zephyr/arch/common/libarch__common.a(sw_isr_common.c.obj)
                              (--whole-archive)
zephyr/arch/arch/arm/core/aarch32/libarch__arm__core__aarch32.a(cpu_idle.S.obj)
                              (--whole-archive)
zephyr/arch/arch/arm/core/aarch32/libarch__arm__core__aarch32.a(fatal.c.obj)
                              (--whole-archive)
zephyr/arch/arch/arm/core/aarch32/libarch__arm__core__aarch32.a(irq_manage.c.obj)
                              (--whole-archive)
zephyr/arch/arch/arm/core/aarch32/libarch__arm__core__aarch32.a(nmi.c.obj)
                              (--whole-archive)
zephyr/arch/arch/arm/core/aarch32/libarch__arm__core__aarch32.a(nmi_on_reset.S.obj)
                              (--whole-archive)
[...]
Memory Configuration

Name             Origin             Length             Attributes
FLASH            0x0000000000000000 0x0000000000100000 xr
RAM              0x0000000020000000 0x0000000000070000 xw
IDT_LIST         0x00000000fffff7ff 0x0000000000000800 xw
*default*        0x0000000000000000 0xffffffffffffffff

Linker script and memory map

                0x000000000000e664                vfprintf = __i_vfprintf
                0x0000000000000000                vfscanf = __i_vfscanf
LOAD zephyr/CMakeFiles/zephyr_pre0.dir/misc/empty_file.c.obj
LOAD app/libapp.a
LOAD zephyr/libzephyr.a
LOAD zephyr/arch/common/libarch__common.a
LOAD zephyr/arch/arch/arm/core/aarch32/libarch__arm__core__aarch32.a
LOAD zephyr/arch/arch/arm/core/aarch32/cortex_m/libarch__arm__core__aarch32__cortex_m.a
LOAD zephyr/arch/arch/arm/core/aarch32/cortex_m/cmse/libarch__arm__core__aarch32__cortex_m__cmse.a
LOAD zephyr/arch/arch/arm/core/aarch32/mpu/libarch__arm__core__aarch32__mpu.a
LOAD zephyr/lib/libc/picolibc/liblib__libc__picolibc.a
LOAD zephyr/lib/libc/common/liblib__libc__common.a
LOAD zephyr/soc/soc/arm/common/cortex_m/libsoc__arm__common__cortex_m.a
LOAD zephyr/boards/arm/nrf5340dk_nrf5340/libboards__arm__nrf5340dk_nrf5340.a
LOAD zephyr/subsys/bluetooth/common/libsubsys__bluetooth__common.a
LOAD zephyr/subsys/bluetooth/host/libsubsys__bluetooth__host.a
LOAD zephyr/subsys/net/libsubsys__net.a
LOAD zephyr/drivers/adc/libdrivers__adc.a
LOAD zephyr/drivers/bluetooth/libdrivers__bluetooth.a
LOAD zephyr/drivers/clock_control/libdrivers__clock_control.a
LOAD zephyr/drivers/console/libdrivers__console.a
LOAD zephyr/drivers/gpio/libdrivers__gpio.a
LOAD zephyr/drivers/mbox/libdrivers__mbox.a
LOAD zephyr/drivers/pinctrl/libdrivers__pinctrl.a
LOAD zephyr/drivers/serial/libdrivers__serial.a
LOAD zephyr/drivers/timer/libdrivers__timer.a
LOAD modules/nrf/lib/dk_buttons_and_leds/lib..__nrf__lib__dk_buttons_and_leds.a
LOAD modules/nrf/lib/fatal_error/lib..__nrf__lib__fatal_error.a
LOAD modules/nrf/drivers/hw_cc310/lib..__nrf__drivers__hw_cc310.a
LOAD modules/hal_nordic/nrfx/libmodules__hal_nordic__nrfx.a
LOAD modules/libmetal/libmetal/lib/libmetal.a
LOAD modules/open-amp/open-amp/lib/libopen_amp.a
LOAD zephyr/kernel/libkernel.a
LOAD zephyr/CMakeFiles/offsets.dir/./arch/arm/core/offsets/offsets.c.obj
LOAD c:/ncs/toolchains/c57af46cb7/opt/zephyr-sdk/arm-zephyr-eabi/bin/../lib/gcc/arm-zephyr-eabi/12.2.0/thumb/v8-m.main/nofp\libgcc.a
LOAD zephyr/arch/common/libisr_tables.a
LOAD C:/ncs/v2.5.0/nrfxlib/crypto/nrf_cc312_platform/lib/cortex-m33/soft-float/no-interrupts/libnrf_cc312_platform_0.9.18.a
LOAD c:\ncs\toolchains\c57af46cb7\opt\zephyr-sdk\arm-zephyr-eabi\bin\../lib/gcc/../../picolibc/arm-zephyr-eabi/lib/thumb/v8-m.main/nofp\libc.a
LOAD c:/ncs/toolchains/c57af46cb7/opt/zephyr-sdk/arm-zephyr-eabi/bin/../lib/gcc/arm-zephyr-eabi/12.2.0/thumb/v8-m.main/nofp\libgcc.a
                0x0000000000000020                _region_min_align = 0x20

.rel.plt        0x0000000000000000        0x0
 *(SORT_BY_ALIGNMENT(.rel.plt))
                [!provide]                        PROVIDE (__rel_iplt_start = .)
 *(SORT_BY_ALIGNMENT(.rel.iplt))
 .rel.iplt      0x0000000000000000        0x0 app/libapp.a(main.c.obj)
                [!provide]                        PROVIDE (__rel_iplt_end = .)

.rela.plt       0x0000000000000000        0x0
 *(SORT_BY_ALIGNMENT(.rela.plt))
                [!provide]                        PROVIDE (__rela_iplt_start = .)
 *(SORT_BY_ALIGNMENT(.rela.iplt))
                [!provide]                        PROVIDE (__rela_iplt_end = .)

.rel.dyn
 *(SORT_BY_ALIGNMENT(.rel.*))

.rela.dyn
 *(SORT_BY_ALIGNMENT(.rela.*))

/DISCARD/
 *(SORT_BY_ALIGNMENT(.plt))

/DISCARD/
 *(SORT_BY_ALIGNMENT(.iplt))
                0x0000000000000000                __rom_region_start = 0x0

rom_start       0x0000000000000000      0x154
                0x0000000000000000                __rom_start_address = .
                0x0000000000000000                . = (. + (0x0 - (. - __rom_start_address)))
                0x0000000000000000                . = ALIGN (0x4)
                0x0000000000000000                . = ALIGN (0x80)
                0x0000000000000000                . = ALIGN (0x200)
                0x0000000000000000                _vector_start = .
 *(SORT_BY_ALIGNMENT(.exc_vector_table))
 *(SORT_BY_ALIGNMENT(.exc_vector_table.*))
 .exc_vector_table._vector_table_section
                0x0000000000000000       0x40 zephyr/arch/arch/arm/core/aarch32/cortex_m/libarch__arm__core__aarch32__cortex_m.a(vector_table.S.obj)
                0x0000000000000000                _vector_table
 *(SORT_BY_ALIGNMENT(.vectors))
                0x0000000000000154                _vector_end = .
                0x0000000000000040                . = ALIGN (0x4)
 *(SORT_BY_ALIGNMENT(.gnu.linkonce.irq_vector_table*))
 .gnu.linkonce.irq_vector_table
                0x0000000000000040      0x114 zephyr/arch/common/libisr_tables.a(isr_tables.c.obj)
                0x0000000000000040                _irq_vector_table
                0x0000000000000154                _vector_end = .

text            0x0000000000000154    0x13a60
                0x0000000000000154                __text_region_start = .
 *(SORT_BY_ALIGNMENT(.text))
 .text          0x0000000000000154       0x30 c:/ncs/toolchains/c57af46cb7/opt/zephyr-sdk/arm-zephyr-eabi/bin/../lib/gcc/arm-zephyr-eabi/12.2.0/thumb/v8-m.main/nofp\libgcc.a(_aeabi_uldivmod.o)
                0x0000000000000154                __aeabi_uldivmod
 .text          0x0000000000000184        0x4 c:/ncs/toolchains/c57af46cb7/opt/zephyr-sdk/arm-zephyr-eabi/bin/../lib/gcc/arm-zephyr-eabi/12.2.0/thumb/v8-m.main/nofp\libgcc.a(_dvmd_tls.o)
                0x0000000000000184                __aeabi_idiv0
                0x0000000000000184                __aeabi_ldiv0
 .text          0x0000000000000188      0x29c c:/ncs/toolchains/c57af46cb7/opt/zephyr-sdk/arm-zephyr-eabi/bin/../lib/gcc/arm-zephyr-eabi/12.2.0/thumb/v8-m.main/nofp\libgcc.a(_udivmoddi4.o)
                0x0000000000000188                __udivmoddi4
 .text          0x0000000000000424       0x14 c:\ncs\toolchains\c57af46cb7\opt\zephyr-sdk\arm-zephyr-eabi\bin\../lib/gcc/../../picolibc/arm-zephyr-eabi/lib/thumb/v8-m.main/nofp\libc.a(strcmp.S.o)
                0x0000000000000424                strcmp
 .text          0x0000000000000438       0x10 c:\ncs\toolchains\c57af46cb7\opt\zephyr-sdk\arm-zephyr-eabi\bin\../lib/gcc/../../picolibc/arm-zephyr-eabi/lib/thumb/v8-m.main/nofp\libc.a(strcpy.S.o)
                0x0000000000000438                strcpy
 .text          0x0000000000000448       0x10 c:\ncs\toolchains\c57af46cb7\opt\zephyr-sdk\arm-zephyr-eabi\bin\../lib/gcc/../../picolibc/arm-zephyr-eabi/lib/thumb/v8-m.main/nofp\libc.a(strlen.S.o)
                0x0000000000000448                strlen
 *(SORT_BY_ALIGNMENT(.text.*))
 .text.app_button_cb
                0x0000000000000458        0xc app/libapp.a(main.c.obj)
 .text.on_disconnected
                0x0000000000000464       0x18 app/libapp.a(main.c.obj)
 .text.on_connected
                0x000000000000047c       0x28 app/libapp.a(main.c.obj)
 .text.send_data_thread
                0x00000000000004a4       0x38 app/libapp.a(main.c.obj)
                0x00000000000004a4                send_data_thread
 .text.button_changed
                0x00000000000004dc       0xe0 app/libapp.a(main.c.obj)
 .text.main     0x00000000000005bc      0x154 app/libapp.a(main.c.obj)
                0x00000000000005bc                main
 .text.mylbsbc_ccc_cfg_changed
                0x0000000000000710       0x10 app/libapp.a(my_lbs.c.obj)
 .text.mylbsbc_ccc_mysensor_cfg_changed
                0x0000000000000720       0x10 app/libapp.a(my_lbs.c.obj)
 .text.write_led
                0x0000000000000730       0x3c app/libapp.a(my_lbs.c.obj)
 .text.read_button
                0x000000000000076c       0x44 app/libapp.a(my_lbs.c.obj)
 .text.my_lbs_init
                0x00000000000007b0       0x14 app/libapp.a(my_lbs.c.obj)
                0x00000000000007b0                my_lbs_init
 .text.my_lbs_send_button_state_indicate
                0x00000000000007c4       0x44 app/libapp.a(my_lbs.c.obj)
                0x00000000000007c4                my_lbs_send_button_state_indicate
 .text.my_lbs_send_sensor_notify
                0x0000000000000808       0x40 app/libapp.a(my_lbs.c.obj)
                0x0000000000000808                my_lbs_send_sensor_notify
 .text.initializeADC
                0x0000000000000848       0x5c app/libapp.a(adc.c.obj)
                0x0000000000000848                initializeADC
 .text.readADCValue
                0x00000000000008a4      0x104 app/libapp.a(adc.c.obj)
                0x00000000000008a4                readADCValue
 .text.cbvprintf_package
                0x00000000000009a8      0x3a4 zephyr/libzephyr.a(cbprintf_packaged.c.obj)
                0x00000000000009a8                cbvprintf_package
 .text.cbprintf_package_convert
                0x0000000000000d4c      0x3b4 zephyr/libzephyr.a(cbprintf_packaged.c.obj)
                0x0000000000000d4c                cbprintf_package_convert
 .text.__printk_hook_install
                0x0000000000001100        0xc zephyr/libzephyr.a(printk.c.obj)
                0x0000000000001100                __printk_hook_install
 .text.z_thread_entry
                0x000000000000110c       0x34 zephyr/libzephyr.a(thread_entry.c.obj)
                0x000000000000110c                z_thread_entry
 .text.process_event
                0x0000000000001140      0x21c zephyr/libzephyr.a(onoff.c.obj)
 .text.sys_reboot
                0x000000000000135c       0x30 zephyr/libzephyr.a(reboot.c.obj)
                0x000000000000135c                sys_reboot
 .text.nrf_gpio_pin_control_select
                0x000000000000138c       0x3c zephyr/libzephyr.a(soc.c.obj)
 .text.nordicsemi_nrf53_init
                0x00000000000013c8       0x5c zephyr/libzephyr.a(soc.c.obj)
 .text.rtc_pretick_init
                0x0000000000001424       0x60 zephyr/libzephyr.a(soc.c.obj)
 .text.z_arm_on_enter_cpu_idle
                0x0000000000001484       0x64 zephyr/libzephyr.a(soc.c.obj)
                0x0000000000001484                z_arm_on_enter_cpu_idle
 .text.arch_busy_wait
                0x00000000000014e8       0x24 zephyr/libzephyr.a(soc.c.obj)
                0x00000000000014e8                arch_busy_wait
 .text.rtc_cb   0x000000000000150c       0x40 zephyr/libzephyr.a(sync_rtc.c.obj)
 .text.sync_rtc_setup
                0x000000000000154c       0xc8 zephyr/libzephyr.a(sync_rtc.c.obj)
 .text.mbox_callback
                0x0000000000001614       0x80 zephyr/libzephyr.a(sync_rtc.c.obj)
 .text.z_arm_platform_init
                0x0000000000001694        0x4 zephyr/libzephyr.a(soc_nrf_common.S.obj)
                0x0000000000001694                z_arm_platform_init
 .text.ipc_service_open_instance
                0x0000000000001698       0x5c zephyr/libzephyr.a(ipc_service.c.obj)
                0x0000000000001698                ipc_service_open_instance
 .text.ipc_service_register_endpoint
                0x00000000000016f4       0x64 zephyr/libzephyr.a(ipc_service.c.obj)
                0x00000000000016f4                ipc_service_register_endpoint
 .text.ipc_service_send
                0x0000000000001758       0x84 zephyr/libzephyr.a(ipc_service.c.obj)
                0x0000000000001758                ipc_service_send
 .text.shared_memory_prepare
                0x00000000000017dc        0xc zephyr/libzephyr.a(ipc_rpmsg_static_vrings.c.obj)
 .text.advertise_ept
                0x00000000000017e8       0x44 zephyr/libzephyr.a(ipc_rpmsg_static_vrings.c.obj)
 .text.get_ept  0x000000000000182c       0x28 zephyr/libzephyr.a(ipc_rpmsg_static_vrings.c.obj)
 .text.open     0x0000000000001854      0x1b0 zephyr/libzephyr.a(ipc_rpmsg_static_vrings.c.obj)
 .text.bound_cb
                0x0000000000001a04       0x30 zephyr/libzephyr.a(ipc_rpmsg_static_vrings.c.obj)
 .text.send     0x0000000000001a34       0x4c zephyr/libzephyr.a(ipc_rpmsg_static_vrings.c.obj)
 .text.register_ept
                0x0000000000001a80       0xe0 zephyr/libzephyr.a(ipc_rpmsg_static_vrings.c.obj)
 .text.ns_bind_cb
                0x0000000000001b60       0x6c zephyr/libzephyr.a(ipc_rpmsg.c.obj)
 .text.ipc_rpmsg_register_ept
                0x0000000000001bcc       0x3c zephyr/libzephyr.a(ipc_rpmsg.c.obj)
                0x0000000000001bcc                ipc_rpmsg_register_ept
 .text.ipc_rpmsg_init
                0x0000000000001c08       0x70 zephyr/libzephyr.a(ipc_rpmsg.c.obj)
                0x0000000000001c08                ipc_rpmsg_init
 .text.ipc_static_vrings_init
                0x0000000000001c78      0x104 zephyr/libzephyr.a(ipc_static_vrings.c.obj)
                0x0000000000001c78                ipc_static_vrings_init
 .text.activate_foreach_backend
                0x0000000000001d7c       0x64 zephyr/libzephyr.a(log_core.c.obj)
 .text.enable_logger
                0x0000000000001de0       0x5c zephyr/libzephyr.a(log_core.c.obj)
 .text.log_process_thread_timer_expiry_fn
                0x0000000000001e3c        0xc zephyr/libzephyr.a(log_core.c.obj)
 .text.z_log_init
                0x0000000000001e48       0x90 zephyr/libzephyr.a(log_core.c.obj)
 .text.log_format_func_t_get
                0x0000000000001ed8        0xc zephyr/libzephyr.a(log_core.c.obj)
                0x0000000000001ed8                log_format_func_t_get
 .text.log_set_timestamp_func
                0x0000000000001ee4       0x20 zephyr/libzephyr.a(log_core.c.obj)
                0x0000000000001ee4                log_set_timestamp_func
 .text.z_log_notify_backend_enabled
                0x0000000000001f04       0x1c zephyr/libzephyr.a(log_core.c.obj)
                0x0000000000001f04                z_log_notify_backend_enabled
 .text.z_log_dropped
                0x0000000000001f20       0x28 zephyr/libzephyr.a(log_core.c.obj)
                0x0000000000001f20                z_log_dropped
 .text.z_log_dropped_read_and_clear
                0x0000000000001f48       0x18 zephyr/libzephyr.a(log_core.c.obj)
                0x0000000000001f48                z_log_dropped_read_and_clear
 .text.dropped_notify
                0x0000000000001f60       0x30 zephyr/libzephyr.a(log_core.c.obj)
                0x0000000000001f60                dropped_notify
 .text.z_log_msg_init
                0x0000000000001f90       0x20 zephyr/libzephyr.a(log_core.c.obj)
                0x0000000000001f90                z_log_msg_init
 .text.log_core_init
                0x0000000000001fb0       0x34 zephyr/libzephyr.a(log_core.c.obj)
                0x0000000000001fb0                log_core_init
 .text.z_log_msg_alloc
                0x0000000000001fe4       0x10 zephyr/libzephyr.a(log_core.c.obj)
                0x0000000000001fe4                z_log_msg_alloc
 .text.z_log_msg_local_claim
                0x0000000000001ff4        0xc zephyr/libzephyr.a(log_core.c.obj)
                0x0000000000001ff4                z_log_msg_local_claim
 .text.z_log_msg_free
                0x0000000000002000       0x10 zephyr/libzephyr.a(log_core.c.obj)
                0x0000000000002000                z_log_msg_free
 .text.z_log_msg_pending
                0x0000000000002010        0xc zephyr/libzephyr.a(log_core.c.obj)
                0x0000000000002010                z_log_msg_pending
 .text.z_impl_log_process
                0x000000000000201c       0xb4 zephyr/libzephyr.a(log_core.c.obj)
                0x000000000000201c                z_impl_log_process
 .text.z_impl_log_panic
                0x00000000000020d0       0x44 zephyr/libzephyr.a(log_core.c.obj)
                0x00000000000020d0                z_impl_log_panic
 .text.log_process_thread_func
                0x0000000000002114       0xa4 zephyr/libzephyr.a(log_core.c.obj)
 .text.z_log_msg_post_finalize
                0x00000000000021b8       0x78 zephyr/libzephyr.a(log_core.c.obj)
 .text.z_log_msg_commit
                0x0000000000002230       0x24 zephyr/libzephyr.a(log_core.c.obj)
                0x0000000000002230                z_log_msg_commit
 .text.log_source_name_get
                0x0000000000002254       0x1c zephyr/libzephyr.a(log_mgmt.c.obj)
                0x0000000000002254                log_source_name_get
 .text.log_backend_enable
                0x0000000000002270       0x28 zephyr/libzephyr.a(log_mgmt.c.obj)
                0x0000000000002270                log_backend_enable
 .text.z_impl_z_log_msg_static_create
                0x0000000000002298      0x108 zephyr/libzephyr.a(log_msg.c.obj)
                0x0000000000002298                z_impl_z_log_msg_static_create
 .text.z_impl_z_log_msg_runtime_vcreate
                0x00000000000023a0       0x8c zephyr/libzephyr.a(log_msg.c.obj)
                0x00000000000023a0                z_impl_z_log_msg_runtime_vcreate
 .text.print_formatted
                0x000000000000242c       0x24 zephyr/libzephyr.a(log_output.c.obj)
 .text.newline_print
                0x0000000000002450       0x1c zephyr/libzephyr.a(log_output.c.obj)
 .text.log_output_process
                0x000000000000246c      0x2a8 zephyr/libzephyr.a(log_output.c.obj)
                0x000000000000246c                log_output_process
 .text.log_output_msg_process
                0x0000000000002714       0x70 zephyr/libzephyr.a(log_output.c.obj)
                0x0000000000002714                log_output_msg_process
 .text.log_output_dropped_process
                0x0000000000002784       0x58 zephyr/libzephyr.a(log_output.c.obj)
                0x0000000000002784                log_output_dropped_process
 .text.log_output_timestamp_freq_set
                0x00000000000027dc       0x2c zephyr/libzephyr.a(log_output.c.obj)
                0x00000000000027dc                log_output_timestamp_freq_set
 .text.format_set
                0x0000000000002808        0xc zephyr/libzephyr.a(log_backend_uart.c.obj)
 .text.panic    0x0000000000002814       0x14 zephyr/libzephyr.a(log_backend_uart.c.obj)
 .text.dropped  0x0000000000002828        0xc zephyr/libzephyr.a(log_backend_uart.c.obj)
 .text.process  0x0000000000002834       0x24 zephyr/libzephyr.a(log_backend_uart.c.obj)
 .text.char_out
                0x0000000000002858       0x24 zephyr/libzephyr.a(log_backend_uart.c.obj)
 .text.sub_bytes
                0x000000000000287c       0x18 zephyr/libzephyr.a(aes_encrypt.c.obj)
 .text.tc_aes128_set_encrypt_key
                0x0000000000002894       0xa8 zephyr/libzephyr.a(aes_encrypt.c.obj)
                0x0000000000002894                tc_aes128_set_encrypt_key
 .text.compress
                0x000000000000293c      0x1d4 zephyr/libzephyr.a(sha256.c.obj)
 .text.tc_sha256_init
                0x0000000000002b10       0x58 zephyr/libzephyr.a(sha256.c.obj)
                0x0000000000002b10                tc_sha256_init
 .text.nrf_cc3xx_platform_abort_init
                0x0000000000002b68        0xc zephyr/libzephyr.a(nrf_cc3xx_platform_abort_zephyr.c.obj)
                0x0000000000002b68                nrf_cc3xx_platform_abort_init
 .text.mutex_free_platform
                0x0000000000002b74       0x54 zephyr/libzephyr.a(nrf_cc3xx_platform_mutex_zephyr.c.obj)
 .text.mutex_lock_platform
                0x0000000000002bc8       0x74 zephyr/libzephyr.a(nrf_cc3xx_platform_mutex_zephyr.c.obj)
 .text.mutex_unlock_platform
                0x0000000000002c3c       0x68 zephyr/libzephyr.a(nrf_cc3xx_platform_mutex_zephyr.c.obj)
 .text.mutex_init_platform
                0x0000000000002ca4       0x94 zephyr/libzephyr.a(nrf_cc3xx_platform_mutex_zephyr.c.obj)
 .text.nrf_cc3xx_platform_mutex_init
                0x0000000000002d38       0x2c zephyr/libzephyr.a(nrf_cc3xx_platform_mutex_zephyr.c.obj)
                0x0000000000002d38                nrf_cc3xx_platform_mutex_init
 .text.z_arm_cpu_idle_init
                0x0000000000002d64        0xc zephyr/arch/arch/arm/core/aarch32/libarch__arm__core__aarch32.a(cpu_idle.S.obj)
                0x0000000000002d64                z_arm_cpu_idle_init
 .text.arch_cpu_idle
                0x0000000000002d70       0x28 zephyr/arch/arch/arm/core/aarch32/libarch__arm__core__aarch32.a(cpu_idle.S.obj)
                0x0000000000002d70                arch_cpu_idle
 .text.arch_cpu_atomic_idle
                0x0000000000002d98       0x24 zephyr/arch/arch/arm/core/aarch32/libarch__arm__core__aarch32.a(cpu_idle.S.obj)
                0x0000000000002d98                arch_cpu_atomic_idle
 .text.z_arm_fatal_error
                0x0000000000002dbc       0xcc zephyr/arch/arch/arm/core/aarch32/libarch__arm__core__aarch32.a(fatal.c.obj)
                0x0000000000002dbc                z_arm_fatal_error
 .text.arch_irq_enable
                0x0000000000002e88       0x1c zephyr/arch/arch/arm/core/aarch32/libarch__arm__core__aarch32.a(irq_manage.c.obj)
                0x0000000000002e88                arch_irq_enable
 .text.arch_irq_disable
                0x0000000000002ea4       0x28 zephyr/arch/arch/arm/core/aarch32/libarch__arm__core__aarch32.a(irq_manage.c.obj)
                0x0000000000002ea4                arch_irq_disable
 .text.arch_irq_is_enabled
                0x0000000000002ecc       0x1c zephyr/arch/arch/arm/core/aarch32/libarch__arm__core__aarch32.a(irq_manage.c.obj)
                0x0000000000002ecc                arch_irq_is_enabled
 .text.z_arm_irq_priority_set
                0x0000000000002ee8       0x2c zephyr/arch/arch/arm/core/aarch32/libarch__arm__core__aarch32.a(irq_manage.c.obj)
                0x0000000000002ee8                z_arm_irq_priority_set
 .text.z_SysNmiOnReset
                0x0000000000002f14        0x8 zephyr/arch/arch/arm/core/aarch32/libarch__arm__core__aarch32.a(nmi_on_reset.S.obj)
                0x0000000000002f14                z_SysNmiOnReset
 .text.z_arm_prep_c
                0x0000000000002f1c       0x38 zephyr/arch/arch/arm/core/aarch32/libarch__arm__core__aarch32.a(prep_c.c.obj)
                0x0000000000002f1c                z_arm_prep_c
 .text.arch_swap
                0x0000000000002f54       0x34 zephyr/arch/arch/arm/core/aarch32/libarch__arm__core__aarch32.a(swap.c.obj)
                0x0000000000002f54                arch_swap
 .text.z_arm_pendsv
                0x0000000000002f88       0x68 zephyr/arch/arch/arm/core/aarch32/libarch__arm__core__aarch32.a(swap_helper.S.obj)
                0x0000000000002f88                z_arm_pendsv
 .text.z_arm_svc
                0x0000000000002ff0       0x20 zephyr/arch/arch/arm/core/aarch32/libarch__arm__core__aarch32.a(swap_helper.S.obj)
                0x0000000000002ff0                z_arm_svc
 .text.arch_new_thread
                0x0000000000003010       0x38 zephyr/arch/arch/arm/core/aarch32/libarch__arm__core__aarch32.a(thread.c.obj)
                0x0000000000003010                arch_new_thread
 .text.arch_switch_to_main_thread
                0x0000000000003048       0x34 zephyr/arch/arch/arm/core/aarch32/libarch__arm__core__aarch32.a(thread.c.obj)
                0x0000000000003048                arch_switch_to_main_thread
 .text._isr_wrapper
                0x000000000000307c       0x28 zephyr/arch/arch/arm/core/aarch32/libarch__arm__core__aarch32.a(isr_wrapper.S.obj)
                0x000000000000307c                _isr_wrapper
 .text.arch_tls_stack_setup
                0x00000000000030a4       0x5c zephyr/arch/arch/arm/core/aarch32/libarch__arm__core__aarch32.a(tls.c.obj)
                0x00000000000030a4                arch_tls_stack_setup
 .text._HandlerModeExit
                0x0000000000003100       0x1c zephyr/arch/arch/arm/core/aarch32/cortex_m/libarch__arm__core__aarch32__cortex_m.a(exc_exit.S.obj)
                0x0000000000003100                z_arm_int_exit
                0x0000000000003100                z_arm_exc_exit
 .text.mem_manage_fault.constprop.0
                0x000000000000311c      0x144 zephyr/arch/arch/arm/core/aarch32/cortex_m/libarch__arm__core__aarch32__cortex_m.a(fault.c.obj)
 .text.bus_fault.constprop.0
                0x0000000000003260      0x154 zephyr/arch/arch/arm/core/aarch32/cortex_m/libarch__arm__core__aarch32__cortex_m.a(fault.c.obj)
 .text.usage_fault.constprop.0
                0x00000000000033b4      0x128 zephyr/arch/arch/arm/core/aarch32/cortex_m/libarch__arm__core__aarch32__cortex_m.a(fault.c.obj)
 .text.z_arm_fault
                0x00000000000034dc      0x224 zephyr/arch/arch/arm/core/aarch32/cortex_m/libarch__arm__core__aarch32__cortex_m.a(fault.c.obj)
                0x00000000000034dc                z_arm_fault
 .text.z_arm_fault_init
                0x0000000000003700       0x18 zephyr/arch/arch/arm/core/aarch32/cortex_m/libarch__arm__core__aarch32__cortex_m.a(fault.c.obj)
                0x0000000000003700                z_arm_fault_init
 .text.__fault  0x0000000000003718       0x14 zephyr/arch/arch/arm/core/aarch32/cortex_m/libarch__arm__core__aarch32__cortex_m.a(fault_s.S.obj)
                0x0000000000003718                z_arm_usage_fault
                0x0000000000003718                z_arm_mpu_fault
                0x0000000000003718                z_arm_exc_spurious
                0x0000000000003718                z_arm_debug_monitor
                0x0000000000003718                z_arm_hard_fault
                0x0000000000003718                z_arm_bus_fault
 .text.z_arm_interrupt_init
                0x000000000000372c       0x18 zephyr/arch/arch/arm/core/aarch32/cortex_m/libarch__arm__core__aarch32__cortex_m.a(irq_init.c.obj)
                0x000000000000372c                z_arm_interrupt_init
 .text._reset_section
                0x0000000000003744       0x60 zephyr/arch/arch/arm/core/aarch32/cortex_m/libarch__arm__core__aarch32__cortex_m.a(reset.S.obj)
                0x0000000000003744                __start
                0x0000000000003744                z_arm_reset
 .text.sys_arch_reboot
                0x00000000000037a4       0x24 zephyr/arch/arch/arm/core/aarch32/cortex_m/libarch__arm__core__aarch32__cortex_m.a(scb.c.obj)
                0x00000000000037a4                sys_arch_reboot
 .text.z_arm_clear_arm_mpu_config
                0x00000000000037c8       0x24 zephyr/arch/arch/arm/core/aarch32/cortex_m/libarch__arm__core__aarch32__cortex_m.a(scb.c.obj)
                0x00000000000037c8                z_arm_clear_arm_mpu_config
 .text.z_arm_init_arch_hw_at_boot
                0x00000000000037ec       0x4c zephyr/arch/arch/arm/core/aarch32/cortex_m/libarch__arm__core__aarch32__cortex_m.a(scb.c.obj)
                0x00000000000037ec                z_arm_init_arch_hw_at_boot
 .text.z_impl_k_thread_abort
                0x0000000000003838       0x2c zephyr/arch/arch/arm/core/aarch32/cortex_m/libarch__arm__core__aarch32__cortex_m.a(thread_abort.c.obj)
                0x0000000000003838                z_impl_k_thread_abort
 .text.z_arm_configure_static_mpu_regions
                0x0000000000003864       0x38 zephyr/arch/arch/arm/core/aarch32/mpu/libarch__arm__core__aarch32__mpu.a(arm_core_mpu.c.obj)
                0x0000000000003864                z_arm_configure_static_mpu_regions
 .text.region_init
                0x000000000000389c       0x34 zephyr/arch/arch/arm/core/aarch32/mpu/libarch__arm__core__aarch32__mpu.a(arm_mpu.c.obj)
 .text.region_allocate_and_init.part.0
                0x00000000000038d0       0x30 zephyr/arch/arch/arm/core/aarch32/mpu/libarch__arm__core__aarch32__mpu.a(arm_mpu.c.obj)
 .text.mpu_configure_regions_and_partition.constprop.0
                0x0000000000003900      0x19c zephyr/arch/arch/arm/core/aarch32/mpu/libarch__arm__core__aarch32__mpu.a(arm_mpu.c.obj)
 .text.arm_core_mpu_enable
                0x0000000000003a9c       0x18 zephyr/arch/arch/arm/core/aarch32/mpu/libarch__arm__core__aarch32__mpu.a(arm_mpu.c.obj)
                0x0000000000003a9c                arm_core_mpu_enable
 .text.arm_core_mpu_disable
                0x0000000000003ab4       0x14 zephyr/arch/arch/arm/core/aarch32/mpu/libarch__arm__core__aarch32__mpu.a(arm_mpu.c.obj)
                0x0000000000003ab4                arm_core_mpu_disable
 .text.arm_core_mpu_configure_static_mpu_regions
                0x0000000000003ac8       0x14 zephyr/arch/arch/arm/core/aarch32/mpu/libarch__arm__core__aarch32__mpu.a(arm_mpu.c.obj)
                0x0000000000003ac8                arm_core_mpu_configure_static_mpu_regions
 .text.arm_core_mpu_mark_areas_for_dynamic_regions
                0x0000000000003adc       0xb8 zephyr/arch/arch/arm/core/aarch32/mpu/libarch__arm__core__aarch32__mpu.a(arm_mpu.c.obj)
                0x0000000000003adc                arm_core_mpu_mark_areas_for_dynamic_regions
 .text.z_arm_mpu_init
                0x0000000000003b94       0x4c zephyr/arch/arch/arm/core/aarch32/mpu/libarch__arm__core__aarch32__mpu.a(arm_mpu.c.obj)
                0x0000000000003b94                z_arm_mpu_init
 .text.z_impl_zephyr_fputc
                0x0000000000003be0       0x10 zephyr/lib/libc/picolibc/liblib__libc__picolibc.a(libc-hooks.c.obj)
                0x0000000000003be0                z_impl_zephyr_fputc
 .text.__stdout_hook_install
                0x0000000000003bf0       0x18 zephyr/lib/libc/picolibc/liblib__libc__picolibc.a(libc-hooks.c.obj)
                0x0000000000003bf0                __stdout_hook_install
 .text.cbvprintf
                0x0000000000003c08       0x38 zephyr/lib/libc/picolibc/liblib__libc__picolibc.a(libc-hooks.c.obj)
                0x0000000000003c08                cbvprintf
 .text.malloc_prepare
                0x0000000000003c40       0x24 zephyr/lib/libc/common/liblib__libc__common.a(malloc.c.obj)
 .text.remoteproc_mgr_boot
                0x0000000000003c64       0x68 zephyr/boards/arm/nrf5340dk_nrf5340/libboards__arm__nrf5340dk_nrf5340.a(nrf5340_cpunet_reset.c.obj)
 .text.bt_hex   0x0000000000003ccc       0x44 zephyr/subsys/bluetooth/common/libsubsys__bluetooth__common.a(bt_str.c.obj)
                0x0000000000003ccc                bt_hex
 .text.bt_addr_le_str
                0x0000000000003d10       0x7c zephyr/subsys/bluetooth/common/libsubsys__bluetooth__common.a(bt_str.c.obj)
                0x0000000000003d10                bt_addr_le_str
 .text.long_wq_init
                0x0000000000003d8c       0x38 zephyr/subsys/bluetooth/host/libsubsys__bluetooth__host.a(long_wq.c.obj)
 .text.bt_long_wq_schedule
                0x0000000000003dc4        0xc zephyr/subsys/bluetooth/host/libsubsys__bluetooth__host.a(long_wq.c.obj)
                0x0000000000003dc4                bt_long_wq_schedule
 .text.uuid_to_uuid128
                0x0000000000003dd0       0x78 zephyr/subsys/bluetooth/host/libsubsys__bluetooth__host.a(uuid.c.obj)
 .text.bt_buf_get_rx
                0x0000000000003e48       0x2c zephyr/subsys/bluetooth/host/libsubsys__bluetooth__host.a(buf.c.obj)
                0x0000000000003e48                bt_buf_get_rx
 .text.bt_buf_get_cmd_complete
                0x0000000000003e74       0x38 zephyr/subsys/bluetooth/host/libsubsys__bluetooth__host.a(buf.c.obj)
                0x0000000000003e74                bt_buf_get_cmd_complete
 .text.bt_buf_get_evt
                0x0000000000003eac       0x58 zephyr/subsys/bluetooth/host/libsubsys__bluetooth__host.a(buf.c.obj)
                0x0000000000003eac                bt_buf_get_evt
 .text.ver_str  0x0000000000003f04       0x3c zephyr/subsys/bluetooth/host/libsubsys__bluetooth__host.a(hci_core.c.obj)
 .text.hci_disconn_complete_prio
                0x0000000000003f40       0x40 zephyr/subsys/bluetooth/host/libsubsys__bluetooth__host.a(hci_core.c.obj)
 .text.find_pending_connect.part.0
                0x0000000000003f80       0x2c zephyr/subsys/bluetooth/host/libsubsys__bluetooth__host.a(hci_core.c.obj)
 .text.hci_data_buf_overflow
                0x0000000000003fac       0x30 zephyr/subsys/bluetooth/host/libsubsys__bluetooth__host.a(hci_core.c.obj)
 .text.le_conn_param_neg_reply.part.0
                0x0000000000003fdc       0x24 zephyr/subsys/bluetooth/host/libsubsys__bluetooth__host.a(hci_core.c.obj)
 .text.rx_queue_put
                0x0000000000004000       0x50 zephyr/subsys/bluetooth/host/libsubsys__bluetooth__host.a(hci_core.c.obj)
 .text.handle_event.part.0
                0x0000000000004050       0x48 zephyr/subsys/bluetooth/host/libsubsys__bluetooth__host.a(hci_core.c.obj)
 .text.hci_hardware_error
                0x0000000000004098       0x34 zephyr/subsys/bluetooth/host/libsubsys__bluetooth__host.a(hci_core.c.obj)
 .text.hci_disconn_complete
                0x00000000000040cc       0x5c zephyr/subsys/bluetooth/host/libsubsys__bluetooth__host.a(hci_core.c.obj)
 .text.le_data_len_change
                0x0000000000004128       0x44 zephyr/subsys/bluetooth/host/libsubsys__bluetooth__host.a(hci_core.c.obj)
 .text.le_phy_update_complete
                0x000000000000416c       0x44 zephyr/subsys/bluetooth/host/libsubsys__bluetooth__host.a(hci_core.c.obj)
 .text.handle_event
                0x00000000000041b0       0x60 zephyr/subsys/bluetooth/host/libsubsys__bluetooth__host.a(hci_core.c.obj)
 .text.rx_work_handler
                0x0000000000004210      0x1b8 zephyr/subsys/bluetooth/host/libsubsys__bluetooth__host.a(hci_core.c.obj)
 .text.hci_le_meta_event
                0x00000000000043c8       0x20 zephyr/subsys/bluetooth/host/libsubsys__bluetooth__host.a(hci_core.c.obj)
 .text.le_remote_feat_complete
                0x00000000000043e8       0x68 zephyr/subsys/bluetooth/host/libsubsys__bluetooth__host.a(hci_core.c.obj)
 .text.hci_cmd_done
                0x0000000000004450      0x130 zephyr/subsys/bluetooth/host/libsubsys__bluetooth__host.a(hci_core.c.obj)
 .text.hci_cmd_status
                0x0000000000004580       0x2c zephyr/subsys/bluetooth/host/libsubsys__bluetooth__host.a(hci_core.c.obj)
 .text.hci_cmd_complete
                0x00000000000045ac       0x30 zephyr/subsys/bluetooth/host/libsubsys__bluetooth__host.a(hci_core.c.obj)
 .text.hci_num_completed_packets
                0x00000000000045dc      0x154 zephyr/subsys/bluetooth/host/libsubsys__bluetooth__host.a(hci_core.c.obj)
 .text.le_conn_update_complete
                0x0000000000004730       0xd8 zephyr/subsys/bluetooth/host/libsubsys__bluetooth__host.a(hci_core.c.obj)
 .text.bt_hci_cmd_state_set_init
                0x0000000000004808       0x24 zephyr/subsys/bluetooth/host/libsubsys__bluetooth__host.a(hci_core.c.obj)
                0x0000000000004808                bt_hci_cmd_state_set_init
 .text.bt_hci_cmd_create
                0x000000000000482c       0x74 zephyr/subsys/bluetooth/host/libsubsys__bluetooth__host.a(hci_core.c.obj)
                0x000000000000482c                bt_hci_cmd_create
 .text.bt_hci_cmd_send_sync
                0x00000000000048a0      0x104 zephyr/subsys/bluetooth/host/libsubsys__bluetooth__host.a(hci_core.c.obj)
                0x00000000000048a0                bt_hci_cmd_send_sync
 .text.hci_le_read_max_data_len
                0x00000000000049a4       0x50 zephyr/subsys/bluetooth/host/libsubsys__bluetooth__host.a(hci_core.c.obj)
 .text.bt_hci_le_rand
                0x00000000000049f4       0x58 zephyr/subsys/bluetooth/host/libsubsys__bluetooth__host.a(hci_core.c.obj)
                0x00000000000049f4                bt_hci_le_rand
 .text.bt_hci_le_enh_conn_complete
                0x0000000000004a4c      0x2d8 zephyr/subsys/bluetooth/host/libsubsys__bluetooth__host.a(hci_core.c.obj)
                0x0000000000004a4c                bt_hci_le_enh_conn_complete
 .text.le_legacy_conn_complete
                0x0000000000004d24       0x64 zephyr/subsys/bluetooth/host/libsubsys__bluetooth__host.a(hci_core.c.obj)
 .text.bt_send  0x0000000000004d88       0x10 zephyr/subsys/bluetooth/host/libsubsys__bluetooth__host.a(hci_core.c.obj)
                0x0000000000004d88                bt_send
 .text.bt_hci_cmd_send
                0x0000000000004d98       0x6c zephyr/subsys/bluetooth/host/libsubsys__bluetooth__host.a(hci_core.c.obj)
                0x0000000000004d98                bt_hci_cmd_send
 .text.bt_hci_host_num_completed_packets
                0x0000000000004e04       0xf0 zephyr/subsys/bluetooth/host/libsubsys__bluetooth__host.a(hci_core.c.obj)
                0x0000000000004e04                bt_hci_host_num_completed_packets
 .text.le_conn_param_req
                0x0000000000004ef4       0xc8 zephyr/subsys/bluetooth/host/libsubsys__bluetooth__host.a(hci_core.c.obj)
 .text.hci_tx_thread
                0x0000000000004fbc      0x194 zephyr/subsys/bluetooth/host/libsubsys__bluetooth__host.a(hci_core.c.obj)
 .text.hci_event_prio
                0x0000000000005150       0xa4 zephyr/subsys/bluetooth/host/libsubsys__bluetooth__host.a(hci_core.c.obj)
                0x0000000000005150                hci_event_prio
 .text.bt_recv  0x00000000000051f4       0x68 zephyr/subsys/bluetooth/host/libsubsys__bluetooth__host.a(hci_core.c.obj)
                0x00000000000051f4                bt_recv
 .text.bt_hci_driver_register
                0x000000000000525c       0x28 zephyr/subsys/bluetooth/host/libsubsys__bluetooth__host.a(hci_core.c.obj)
                0x000000000000525c                bt_hci_driver_register
 .text.bt_finalize_init
                0x0000000000005284      0x134 zephyr/subsys/bluetooth/host/libsubsys__bluetooth__host.a(hci_core.c.obj)
                0x0000000000005284                bt_finalize_init
 .text.bt_init  0x00000000000053b8      0x58c zephyr/subsys/bluetooth/host/libsubsys__bluetooth__host.a(hci_core.c.obj)
 .text.init_work
                0x0000000000005944       0x18 zephyr/subsys/bluetooth/host/libsubsys__bluetooth__host.a(hci_core.c.obj)
 .text.bt_enable
                0x000000000000595c      0x124 zephyr/subsys/bluetooth/host/libsubsys__bluetooth__host.a(hci_core.c.obj)
                0x000000000000595c                bt_enable
 .text.bt_get_name
                0x0000000000005a80        0x8 zephyr/subsys/bluetooth/host/libsubsys__bluetooth__host.a(hci_core.c.obj)
                0x0000000000005a80                bt_get_name
 .text.id_find  0x0000000000005a88       0x30 zephyr/subsys/bluetooth/host/libsubsys__bluetooth__host.a(id.c.obj)
 .text.id_create.constprop.0
                0x0000000000005ab8       0x5c zephyr/subsys/bluetooth/host/libsubsys__bluetooth__host.a(id.c.obj)
 .text.set_random_address
                0x0000000000005b14       0x50 zephyr/subsys/bluetooth/host/libsubsys__bluetooth__host.a(id.c.obj)
 .text.bt_id_create
                0x0000000000005b64       0xa8 zephyr/subsys/bluetooth/host/libsubsys__bluetooth__host.a(id.c.obj)
                0x0000000000005b64                bt_id_create
 .text.bt_id_read_public_addr
                0x0000000000005c0c       0x84 zephyr/subsys/bluetooth/host/libsubsys__bluetooth__host.a(id.c.obj)
                0x0000000000005c0c                bt_id_read_public_addr
 .text.bt_setup_public_id_addr
                0x0000000000005c90       0x20 zephyr/subsys/bluetooth/host/libsubsys__bluetooth__host.a(id.c.obj)
                0x0000000000005c90                bt_setup_public_id_addr
 .text.bt_read_static_addr
                0x0000000000005cb0       0xa8 zephyr/subsys/bluetooth/host/libsubsys__bluetooth__host.a(id.c.obj)
                0x0000000000005cb0                bt_read_static_addr
 .text.bt_setup_random_id_addr
                0x0000000000005d58       0x5c zephyr/subsys/bluetooth/host/libsubsys__bluetooth__host.a(id.c.obj)
                0x0000000000005d58                bt_setup_random_id_addr
 .text.bt_id_set_adv_own_addr
                0x0000000000005db4       0xe0 zephyr/subsys/bluetooth/host/libsubsys__bluetooth__host.a(id.c.obj)
                0x0000000000005db4                bt_id_set_adv_own_addr
 .text.bt_id_init
                0x0000000000005e94       0x60 zephyr/subsys/bluetooth/host/libsubsys__bluetooth__host.a(id.c.obj)
                0x0000000000005e94                bt_id_init
 .text.hci_set_ad
                0x0000000000005ef4       0xe0 zephyr/subsys/bluetooth/host/libsubsys__bluetooth__host.a(adv.c.obj)
 .text.valid_adv_param
                0x0000000000005fd4       0x84 zephyr/subsys/bluetooth/host/libsubsys__bluetooth__host.a(adv.c.obj)
 .text.adv_is_directed
                0x0000000000006058       0x18 zephyr/subsys/bluetooth/host/libsubsys__bluetooth__host.a(adv.c.obj)
 .text.le_adv_start_add_conn
                0x0000000000006070       0x60 zephyr/subsys/bluetooth/host/libsubsys__bluetooth__host.a(adv.c.obj)
 .text.bt_le_adv_lookup_legacy
                0x00000000000060d0        0x8 zephyr/subsys/bluetooth/host/libsubsys__bluetooth__host.a(adv.c.obj)
                0x00000000000060d0                bt_le_adv_lookup_legacy
 .text.bt_le_adv_start_legacy
                0x00000000000060d8      0x264 zephyr/subsys/bluetooth/host/libsubsys__bluetooth__host.a(adv.c.obj)
                0x00000000000060d8                bt_le_adv_start_legacy
 .text.bt_le_adv_start
                0x000000000000633c       0x64 zephyr/subsys/bluetooth/host/libsubsys__bluetooth__host.a(adv.c.obj)
                0x000000000000633c                bt_le_adv_start
 .text.bt_le_adv_stop
                0x00000000000063a0       0x78 zephyr/subsys/bluetooth/host/libsubsys__bluetooth__host.a(adv.c.obj)
                0x00000000000063a0                bt_le_adv_stop
 .text.adv_timeout
                0x0000000000006418       0x38 zephyr/subsys/bluetooth/host/libsubsys__bluetooth__host.a(adv.c.obj)
 .text.bt_le_adv_resume
                0x0000000000006450       0xf4 zephyr/subsys/bluetooth/host/libsubsys__bluetooth__host.a(adv.c.obj)
                0x0000000000006450                bt_le_adv_resume
 .text.prng_reseed.constprop.0
                0x0000000000006544       0x6c zephyr/subsys/bluetooth/host/libsubsys__bluetooth__host.a(crypto.c.obj)
 .text.prng_init
                0x00000000000065b0       0x50 zephyr/subsys/bluetooth/host/libsubsys__bluetooth__host.a(crypto.c.obj)
                0x00000000000065b0                prng_init
 .text.bt_rand  0x0000000000006600       0x3c zephyr/subsys/bluetooth/host/libsubsys__bluetooth__host.a(crypto.c.obj)
                0x0000000000006600                bt_rand
 .text.notify_connected
                0x000000000000663c       0x3c zephyr/subsys/bluetooth/host/libsubsys__bluetooth__host.a(conn.c.obj)
 .text.bt_conn_create_pdu_timeout.part.0
                0x0000000000006678       0x28 zephyr/subsys/bluetooth/host/libsubsys__bluetooth__host.a(conn.c.obj)
 .text.tx_notify
                0x00000000000066a0       0x60 zephyr/subsys/bluetooth/host/libsubsys__bluetooth__host.a(conn.c.obj)
 .text.conn_tx_destroy
                0x0000000000006700       0x2c zephyr/subsys/bluetooth/host/libsubsys__bluetooth__host.a(conn.c.obj)
 .text.send_frag
                0x000000000000672c      0x1c0 zephyr/subsys/bluetooth/host/libsubsys__bluetooth__host.a(conn.c.obj)
 .text.bt_conn_get_pkts
                0x00000000000068ec       0x18 zephyr/subsys/bluetooth/host/libsubsys__bluetooth__host.a(conn.c.obj)
                0x00000000000068ec                bt_conn_get_pkts
 .text.bt_conn_new
                0x0000000000006904       0x5c zephyr/subsys/bluetooth/host/libsubsys__bluetooth__host.a(conn.c.obj)
                0x0000000000006904                bt_conn_new
 .text.bt_conn_recv
                0x0000000000006960      0x138 zephyr/subsys/bluetooth/host/libsubsys__bluetooth__host.a(conn.c.obj)
                0x0000000000006960                bt_conn_recv
 .text.bt_conn_send_cb
                0x0000000000006a98      0x100 zephyr/subsys/bluetooth/host/libsubsys__bluetooth__host.a(conn.c.obj)
                0x0000000000006a98                bt_conn_send_cb
 .text.bt_conn_prepare_events
                0x0000000000006b98       0x94 zephyr/subsys/bluetooth/host/libsubsys__bluetooth__host.a(conn.c.obj)
                0x0000000000006b98                bt_conn_prepare_events
 .text.bt_conn_set_state
                0x0000000000006c2c      0x204 zephyr/subsys/bluetooth/host/libsubsys__bluetooth__host.a(conn.c.obj)
                0x0000000000006c2c                bt_conn_set_state
 .text.bt_conn_lookup_handle
                0x0000000000006e30       0x58 zephyr/subsys/bluetooth/host/libsubsys__bluetooth__host.a(conn.c.obj)
                0x0000000000006e30                bt_conn_lookup_handle
 .text.bt_conn_index
                0x0000000000006e88       0x18 zephyr/subsys/bluetooth/host/libsubsys__bluetooth__host.a(conn.c.obj)
                0x0000000000006e88                bt_conn_index
 .text.bt_conn_create_pdu_timeout
                0x0000000000006ea0       0x2c zephyr/subsys/bluetooth/host/libsubsys__bluetooth__host.a(conn.c.obj)
                0x0000000000006ea0                bt_conn_create_pdu_timeout
 .text.notify_le_param_updated
                0x0000000000006ecc       0x88 zephyr/subsys/bluetooth/host/libsubsys__bluetooth__host.a(conn.c.obj)
                0x0000000000006ecc                notify_le_param_updated
 .text.le_param_req
                0x0000000000006f54       0x74 zephyr/subsys/bluetooth/host/libsubsys__bluetooth__host.a(conn.c.obj)
                0x0000000000006f54                le_param_req
 .text.bt_conn_cb_register
                0x0000000000006fc8       0x10 zephyr/subsys/bluetooth/host/libsubsys__bluetooth__host.a(conn.c.obj)
                0x0000000000006fc8                bt_conn_cb_register
 .text.bt_conn_add_le
                0x0000000000006fd8       0x38 zephyr/subsys/bluetooth/host/libsubsys__bluetooth__host.a(conn.c.obj)
                0x0000000000006fd8                bt_conn_add_le
 .text.bt_conn_lookup_addr_le
                0x0000000000007010       0x34 zephyr/subsys/bluetooth/host/libsubsys__bluetooth__host.a(conn.c.obj)
                0x0000000000007010                bt_conn_lookup_addr_le
 .text.bt_conn_exists_le
                0x0000000000007044       0x60 zephyr/subsys/bluetooth/host/libsubsys__bluetooth__host.a(conn.c.obj)
                0x0000000000007044                bt_conn_exists_le
 .text.bt_conn_lookup_state_le
                0x00000000000070a4       0x44 zephyr/subsys/bluetooth/host/libsubsys__bluetooth__host.a(conn.c.obj)
                0x00000000000070a4                bt_conn_lookup_state_le
 .text.send_conn_le_param_update
                0x00000000000070e8       0x68 zephyr/subsys/bluetooth/host/libsubsys__bluetooth__host.a(conn.c.obj)
 .text.deferred_work
                0x0000000000007150      0x118 zephyr/subsys/bluetooth/host/libsubsys__bluetooth__host.a(conn.c.obj)
 .text.bt_conn_create_frag_timeout
                0x0000000000007268        0xc zephyr/subsys/bluetooth/host/libsubsys__bluetooth__host.a(conn.c.obj)
                0x0000000000007268                bt_conn_create_frag_timeout
 .text.bt_conn_process_tx
                0x0000000000007274      0x118 zephyr/subsys/bluetooth/host/libsubsys__bluetooth__host.a(conn.c.obj)
                0x0000000000007274                bt_conn_process_tx
 .text.bt_conn_init
                0x000000000000738c       0x44 zephyr/subsys/bluetooth/host/libsubsys__bluetooth__host.a(conn.c.obj)
                0x000000000000738c                bt_conn_init
 .text.l2cap_create_le_sig_pdu.part.0
                0x00000000000073d0       0x2c zephyr/subsys/bluetooth/host/libsubsys__bluetooth__host.a(l2cap.c.obj)
 .text.l2cap_accept.part.0
                0x00000000000073fc       0x30 zephyr/subsys/bluetooth/host/libsubsys__bluetooth__host.a(l2cap.c.obj)
 .text.l2cap_accept
                0x000000000000742c       0x1c zephyr/subsys/bluetooth/host/libsubsys__bluetooth__host.a(l2cap.c.obj)
 .text.bt_l2cap_connected
                0x0000000000007448       0x8c zephyr/subsys/bluetooth/host/libsubsys__bluetooth__host.a(l2cap.c.obj)
                0x0000000000007448                bt_l2cap_connected
 .text.l2cap_recv
                0x00000000000074d4       0xec zephyr/subsys/bluetooth/host/libsubsys__bluetooth__host.a(l2cap.c.obj)
 .text.bt_l2cap_recv
                0x00000000000075c0       0x7c zephyr/subsys/bluetooth/host/libsubsys__bluetooth__host.a(l2cap.c.obj)
                0x00000000000075c0                bt_l2cap_recv
 .text.bt_l2cap_update_conn_param
                0x000000000000763c       0x64 zephyr/subsys/bluetooth/host/libsubsys__bluetooth__host.a(l2cap.c.obj)
                0x000000000000763c                bt_l2cap_update_conn_param
 .text.att_op_get_type
                0x00000000000076a0       0x74 zephyr/subsys/bluetooth/host/libsubsys__bluetooth__host.a(att.c.obj)
 .text.bt_att_released
                0x0000000000007714        0xc zephyr/subsys/bluetooth/host/libsubsys__bluetooth__host.a(att.c.obj)
 .text.tx_meta_data_free
                0x0000000000007720       0x3c zephyr/subsys/bluetooth/host/libsubsys__bluetooth__host.a(att.c.obj)
 .text.find_type_cb
                0x000000000000775c      0x198 zephyr/subsys/bluetooth/host/libsubsys__bluetooth__host.a(att.c.obj)
 .text.send_err_rsp.part.0
                0x00000000000078f4       0x24 zephyr/subsys/bluetooth/host/libsubsys__bluetooth__host.a(att.c.obj)
 .text.att_get  0x0000000000007918       0x64 zephyr/subsys/bluetooth/host/libsubsys__bluetooth__host.a(att.c.obj)
 .text.bt_att_connected
                0x000000000000797c       0x38 zephyr/subsys/bluetooth/host/libsubsys__bluetooth__host.a(att.c.obj)
 .text.read_group_cb
                0x00000000000079b4       0xb8 zephyr/subsys/bluetooth/host/libsubsys__bluetooth__host.a(att.c.obj)
 .text.bt_att_chan_create_pdu
                0x0000000000007a6c      0x13c zephyr/subsys/bluetooth/host/libsubsys__bluetooth__host.a(att.c.obj)
 .text.read_type_cb
                0x0000000000007ba8       0xac zephyr/subsys/bluetooth/host/libsubsys__bluetooth__host.a(att.c.obj)
 .text.bt_att_accept
                0x0000000000007c54      0x120 zephyr/subsys/bluetooth/host/libsubsys__bluetooth__host.a(att.c.obj)
 .text.chan_send
                0x0000000000007d74       0xf8 zephyr/subsys/bluetooth/host/libsubsys__bluetooth__host.a(att.c.obj)
 .text.bt_att_recv
                0x0000000000007e6c      0x174 zephyr/subsys/bluetooth/host/libsubsys__bluetooth__host.a(att.c.obj)
 .text.att_write_rsp.constprop.0
                0x0000000000007fe0       0xc4 zephyr/subsys/bluetooth/host/libsubsys__bluetooth__host.a(att.c.obj)
 .text.bt_att_create_pdu
                0x00000000000080a4       0x7c zephyr/subsys/bluetooth/host/libsubsys__bluetooth__host.a(att.c.obj)
                0x00000000000080a4                bt_att_create_pdu
 .text.bt_att_create_rsp_pdu
                0x0000000000008120       0x4c zephyr/subsys/bluetooth/host/libsubsys__bluetooth__host.a(att.c.obj)
                0x0000000000008120                bt_att_create_rsp_pdu
 .text.att_read_group_req
                0x000000000000816c       0xfc zephyr/subsys/bluetooth/host/libsubsys__bluetooth__host.a(att.c.obj)
 .text.att_read_mult_vl_req
                0x0000000000008268       0xa8 zephyr/subsys/bluetooth/host/libsubsys__bluetooth__host.a(att.c.obj)
 .text.att_read_mult_req
                0x0000000000008310       0xa8 zephyr/subsys/bluetooth/host/libsubsys__bluetooth__host.a(att.c.obj)
 .text.att_read_rsp
                0x00000000000083b8       0x9c zephyr/subsys/bluetooth/host/libsubsys__bluetooth__host.a(att.c.obj)
 .text.att_read_type_req
                0x0000000000008454       0xc8 zephyr/subsys/bluetooth/host/libsubsys__bluetooth__host.a(att.c.obj)
 .text.att_find_type_req
                0x000000000000851c       0xcc zephyr/subsys/bluetooth/host/libsubsys__bluetooth__host.a(att.c.obj)
 .text.att_find_info_req
                0x00000000000085e8       0x74 zephyr/subsys/bluetooth/host/libsubsys__bluetooth__host.a(att.c.obj)
 .text.bt_att_init
                0x000000000000865c       0x38 zephyr/subsys/bluetooth/host/libsubsys__bluetooth__host.a(att.c.obj)
                0x000000000000865c                bt_att_init
 .text.bt_att_req_alloc
                0x0000000000008694       0x50 zephyr/subsys/bluetooth/host/libsubsys__bluetooth__host.a(att.c.obj)
                0x0000000000008694                bt_att_req_alloc
 .text.bt_att_req_free
                0x00000000000086e4       0x28 zephyr/subsys/bluetooth/host/libsubsys__bluetooth__host.a(att.c.obj)
                0x00000000000086e4                bt_att_req_free
 .text.att_handle_rsp
                0x000000000000870c       0x8c zephyr/subsys/bluetooth/host/libsubsys__bluetooth__host.a(att.c.obj)
 .text.bt_att_disconnected
                0x0000000000008798       0xcc zephyr/subsys/bluetooth/host/libsubsys__bluetooth__host.a(att.c.obj)
 .text.att_timeout
                0x0000000000008864       0xc4 zephyr/subsys/bluetooth/host/libsubsys__bluetooth__host.a(att.c.obj)
 .text.find_cf_cfg
                0x0000000000008928       0x30 zephyr/subsys/bluetooth/host/libsubsys__bluetooth__host.a(gatt.c.obj)
 .text.find_sc_cfg
                0x0000000000008958       0x24 zephyr/subsys/bluetooth/host/libsubsys__bluetooth__host.a(gatt.c.obj)
 .text.find_ccc_cfg
                0x000000000000897c       0x28 zephyr/subsys/bluetooth/host/libsubsys__bluetooth__host.a(gatt.c.obj)
 .text.read_ppcp
                0x00000000000089a4       0x28 zephyr/subsys/bluetooth/host/libsubsys__bluetooth__host.a(gatt.c.obj)
 .text.bt_gatt_attr_write_ccc
                0x00000000000089cc       0xc8 zephyr/subsys/bluetooth/host/libsubsys__bluetooth__host.a(gatt.c.obj)
                0x00000000000089cc                bt_gatt_attr_write_ccc
 .text.clear_cf_cfg
                0x0000000000008a94       0x28 zephyr/subsys/bluetooth/host/libsubsys__bluetooth__host.a(gatt.c.obj)
 .text.sc_save  0x0000000000008abc       0x6c zephyr/subsys/bluetooth/host/libsubsys__bluetooth__host.a(gatt.c.obj)
 .text.disconnected_cb
                0x0000000000008b28       0xa0 zephyr/subsys/bluetooth/host/libsubsys__bluetooth__host.a(gatt.c.obj)
 .text.cf_write
                0x0000000000008bc8       0xa4 zephyr/subsys/bluetooth/host/libsubsys__bluetooth__host.a(gatt.c.obj)
 .text.sc_indicate_rsp
                0x0000000000008c6c       0x4c zephyr/subsys/bluetooth/host/libsubsys__bluetooth__host.a(gatt.c.obj)
 .text.bt_gatt_init
                0x0000000000008cb8       0x84 zephyr/subsys/bluetooth/host/libsubsys__bluetooth__host.a(gatt.c.obj)
                0x0000000000008cb8                bt_gatt_init
 .text.bt_gatt_attr_get_handle
                0x0000000000008d3c       0x60 zephyr/subsys/bluetooth/host/libsubsys__bluetooth__host.a(gatt.c.obj)
                0x0000000000008d3c                bt_gatt_attr_get_handle
 .text.bt_gatt_foreach_attr_type
                0x0000000000008d9c       0xb4 zephyr/subsys/bluetooth/host/libsubsys__bluetooth__host.a(gatt.c.obj)
                0x0000000000008d9c                bt_gatt_foreach_attr_type
 .text.db_hash_gen
                0x0000000000008e50       0x88 zephyr/subsys/bluetooth/host/libsubsys__bluetooth__host.a(gatt.c.obj)
 .text.db_hash_read
                0x0000000000008ed8       0x64 zephyr/subsys/bluetooth/host/libsubsys__bluetooth__host.a(gatt.c.obj)
 .text.db_hash_process
                0x0000000000008f3c       0x14 zephyr/subsys/bluetooth/host/libsubsys__bluetooth__host.a(gatt.c.obj)
 .text.bt_gatt_attr_next
                0x0000000000008f50       0x24 zephyr/subsys/bluetooth/host/libsubsys__bluetooth__host.a(gatt.c.obj)
                0x0000000000008f50                bt_gatt_attr_next
 .text.gatt_indicate
                0x0000000000008f74       0xf8 zephyr/subsys/bluetooth/host/libsubsys__bluetooth__host.a(gatt.c.obj)
 .text.bt_gatt_indicate
                0x000000000000906c       0xf0 zephyr/subsys/bluetooth/host/libsubsys__bluetooth__host.a(gatt.c.obj)
                0x000000000000906c                bt_gatt_indicate
 .text.sc_process
                0x000000000000915c       0x60 zephyr/subsys/bluetooth/host/libsubsys__bluetooth__host.a(gatt.c.obj)
 .text.update_ccc
                0x00000000000091bc      0x100 zephyr/subsys/bluetooth/host/libsubsys__bluetooth__host.a(gatt.c.obj)
 .text.gatt_notify
                0x00000000000092bc       0xd0 zephyr/subsys/bluetooth/host/libsubsys__bluetooth__host.a(gatt.c.obj)
 .text.bt_gatt_notify_cb
                0x000000000000938c       0xe8 zephyr/subsys/bluetooth/host/libsubsys__bluetooth__host.a(gatt.c.obj)
                0x000000000000938c                bt_gatt_notify_cb
 .text.notify_cb
                0x0000000000009474      0x120 zephyr/subsys/bluetooth/host/libsubsys__bluetooth__host.a(gatt.c.obj)
 .text.bt_gatt_connected
                0x0000000000009594       0x20 zephyr/subsys/bluetooth/host/libsubsys__bluetooth__host.a(gatt.c.obj)
                0x0000000000009594                bt_gatt_connected
 .text.bt_gatt_att_max_mtu_changed
                0x00000000000095b4       0x28 zephyr/subsys/bluetooth/host/libsubsys__bluetooth__host.a(gatt.c.obj)
                0x00000000000095b4                bt_gatt_att_max_mtu_changed
 .text.bt_gatt_disconnected
                0x00000000000095dc       0x48 zephyr/subsys/bluetooth/host/libsubsys__bluetooth__host.a(gatt.c.obj)
                0x00000000000095dc                bt_gatt_disconnected
 .text.bt_smp_accept.part.0
                0x0000000000009624       0x30 zephyr/subsys/bluetooth/host/libsubsys__bluetooth__host.a(smp_null.c.obj)
 .text.bt_smp_accept
                0x0000000000009654       0x1c zephyr/subsys/bluetooth/host/libsubsys__bluetooth__host.a(smp_null.c.obj)
 .text.net_buf_pool_get
                0x0000000000009670       0x10 zephyr/subsys/net/libsubsys__net.a(buf.c.obj)
                0x0000000000009670                net_buf_pool_get
 .text.net_buf_id
                0x0000000000009680       0x20 zephyr/subsys/net/libsubsys__net.a(buf.c.obj)
                0x0000000000009680                net_buf_id
 .text.fixed_data_alloc
                0x00000000000096a0       0x30 zephyr/subsys/net/libsubsys__net.a(buf.c.obj)
 .text.net_buf_alloc_len
                0x00000000000096d0       0xfc zephyr/subsys/net/libsubsys__net.a(buf.c.obj)
                0x00000000000096d0                net_buf_alloc_len
 .text.net_buf_unref
                0x00000000000097cc       0x64 zephyr/subsys/net/libsubsys__net.a(buf.c.obj)
                0x00000000000097cc                net_buf_unref
 .text.adc_gain_invert
                0x0000000000009830       0x2c zephyr/drivers/adc/libdrivers__adc.a(adc_common.c.obj)
                0x0000000000009830                adc_gain_invert
 .text.adc_context_start_sampling
                0x000000000000985c       0x1c zephyr/drivers/adc/libdrivers__adc.a(adc_nrfx_saadc.c.obj)
 .text.adc_nrfx_channel_setup
                0x0000000000009878      0x10c zephyr/drivers/adc/libdrivers__adc.a(adc_nrfx_saadc.c.obj)
 .text.adc_nrfx_read
                0x0000000000009984      0x228 zephyr/drivers/adc/libdrivers__adc.a(adc_nrfx_saadc.c.obj)
 .text.init_saadc
                0x0000000000009bac       0x44 zephyr/drivers/adc/libdrivers__adc.a(adc_nrfx_saadc.c.obj)
 .text.saadc_irq_handler
                0x0000000000009bf0       0xc8 zephyr/drivers/adc/libdrivers__adc.a(adc_nrfx_saadc.c.obj)
 .text.bt_rpmsg_send
                0x0000000000009cb8       0x78 zephyr/drivers/bluetooth/libdrivers__bluetooth.a(rpmsg.c.obj)
 .text.bt_rpmsg_init
                0x0000000000009d30       0x40 zephyr/drivers/bluetooth/libdrivers__bluetooth.a(rpmsg.c.obj)
 .text.hci_ept_bound
                0x0000000000009d70        0xc zephyr/drivers/bluetooth/libdrivers__bluetooth.a(rpmsg.c.obj)
 .text.bt_rpmsg_open
                0x0000000000009d7c       0x8c zephyr/drivers/bluetooth/libdrivers__bluetooth.a(rpmsg.c.obj)
 .text.hci_ept_recv
                0x0000000000009e08      0x218 zephyr/drivers/bluetooth/libdrivers__bluetooth.a(rpmsg.c.obj)
 .text.onoff_stop
                0x000000000000a020       0x30 zephyr/drivers/clock_control/libdrivers__clock_control.a(clock_control_nrf.c.obj)
 .text.onoff_start
                0x000000000000a050       0x44 zephyr/drivers/clock_control/libdrivers__clock_control.a(clock_control_nrf.c.obj)
 .text.clk_init
                0x000000000000a094       0x64 zephyr/drivers/clock_control/libdrivers__clock_control.a(clock_control_nrf.c.obj)
 .text.clkstarted_handle.constprop.0
                0x000000000000a0f8       0x34 zephyr/drivers/clock_control/libdrivers__clock_control.a(clock_control_nrf.c.obj)
 .text.clock_event_handler
                0x000000000000a12c       0x30 zephyr/drivers/clock_control/libdrivers__clock_control.a(clock_control_nrf.c.obj)
 .text.generic_hfclk_start
                0x000000000000a15c       0x64 zephyr/drivers/clock_control/libdrivers__clock_control.a(clock_control_nrf.c.obj)
 .text.api_blocking_start
                0x000000000000a1c0       0x3c zephyr/drivers/clock_control/libdrivers__clock_control.a(clock_control_nrf.c.obj)
 .text.generic_hfclk_stop
                0x000000000000a1fc       0x34 zephyr/drivers/clock_control/libdrivers__clock_control.a(clock_control_nrf.c.obj)
 .text.z_nrf_clock_control_lf_on
                0x000000000000a230       0xfc zephyr/drivers/clock_control/libdrivers__clock_control.a(clock_control_nrf.c.obj)
                0x000000000000a230                z_nrf_clock_control_lf_on
 .text.uart_console_init
                0x000000000000a32c       0x28 zephyr/drivers/console/libdrivers__console.a(uart_console.c.obj)
 .text.console_out
                0x000000000000a354       0x28 zephyr/drivers/console/libdrivers__console.a(uart_console.c.obj)
 .text.gpio_nrfx_pin_interrupt_configure
                0x000000000000a37c       0xe4 zephyr/drivers/gpio/libdrivers__gpio.a(gpio_nrfx.c.obj)
 .text.gpio_nrfx_init
                0x000000000000a460       0x38 zephyr/drivers/gpio/libdrivers__gpio.a(gpio_nrfx.c.obj)
 .text.nrfx_gpio_handler
                0x000000000000a498       0x4c zephyr/drivers/gpio/libdrivers__gpio.a(gpio_nrfx.c.obj)
 .text.gpio_nrfx_pin_configure
                0x000000000000a4e4      0x124 zephyr/drivers/gpio/libdrivers__gpio.a(gpio_nrfx.c.obj)
 .text.mbox_nrf_init
                0x000000000000a608       0xb4 zephyr/drivers/mbox/libdrivers__mbox.a(mbox_nrfx_ipc.c.obj)
 .text.mbox_nrf_set_enabled
                0x000000000000a6bc       0xa0 zephyr/drivers/mbox/libdrivers__mbox.a(mbox_nrfx_ipc.c.obj)
 .text.mbox_nrf_send
                0x000000000000a75c       0x54 zephyr/drivers/mbox/libdrivers__mbox.a(mbox_nrfx_ipc.c.obj)
 .text.mbox_dispatcher
                0x000000000000a7b0       0x7c zephyr/drivers/mbox/libdrivers__mbox.a(mbox_nrfx_ipc.c.obj)
 .text.nrf_gpio_pin_port_decode
                0x000000000000a82c       0x24 zephyr/drivers/pinctrl/libdrivers__pinctrl.a(pinctrl_nrf.c.obj)
 .text.pinctrl_configure_pins
                0x000000000000a850      0x18c zephyr/drivers/pinctrl/libdrivers__pinctrl.a(pinctrl_nrf.c.obj)
                0x000000000000a850                pinctrl_configure_pins
 .text.uarte_nrfx_configure
                0x000000000000a9dc      0x17c zephyr/drivers/serial/libdrivers__serial.a(uart_nrfx_uarte.c.obj)
 .text.uarte_0_init
                0x000000000000ab58      0x104 zephyr/drivers/serial/libdrivers__serial.a(uart_nrfx_uarte.c.obj)
 .text.uarte_nrfx_poll_out
                0x000000000000ac5c       0xcc zephyr/drivers/serial/libdrivers__serial.a(uart_nrfx_uarte.c.obj)
 .text.compare_int_lock
                0x000000000000ad28       0x40 zephyr/drivers/timer/libdrivers__timer.a(nrf_rtc_timer.c.obj)
 .text.sys_clock_timeout_handler
                0x000000000000ad68       0x48 zephyr/drivers/timer/libdrivers__timer.a(nrf_rtc_timer.c.obj)
 .text.compare_int_unlock
                0x000000000000adb0       0x4c zephyr/drivers/timer/libdrivers__timer.a(nrf_rtc_timer.c.obj)
 .text.z_nrf_rtc_timer_compare_evt_address_get
                0x000000000000adfc       0x10 zephyr/drivers/timer/libdrivers__timer.a(nrf_rtc_timer.c.obj)
                0x000000000000adfc                z_nrf_rtc_timer_compare_evt_address_get
 .text.z_nrf_rtc_timer_compare_read
                0x000000000000ae0c       0x10 zephyr/drivers/timer/libdrivers__timer.a(nrf_rtc_timer.c.obj)
                0x000000000000ae0c                z_nrf_rtc_timer_compare_read
 .text.z_nrf_rtc_timer_read
                0x000000000000ae1c       0x44 zephyr/drivers/timer/libdrivers__timer.a(nrf_rtc_timer.c.obj)
                0x000000000000ae1c                z_nrf_rtc_timer_read
 .text.compare_set
                0x000000000000ae60      0x124 zephyr/drivers/timer/libdrivers__timer.a(nrf_rtc_timer.c.obj)
 .text.sys_clock_driver_init
                0x000000000000af84       0xa4 zephyr/drivers/timer/libdrivers__timer.a(nrf_rtc_timer.c.obj)
 .text.rtc_nrf_isr
                0x000000000000b028      0x100 zephyr/drivers/timer/libdrivers__timer.a(nrf_rtc_timer.c.obj)
                0x000000000000b028                rtc_nrf_isr
 .text.z_nrf_rtc_timer_chan_alloc
                0x000000000000b128       0x3c zephyr/drivers/timer/libdrivers__timer.a(nrf_rtc_timer.c.obj)
                0x000000000000b128                z_nrf_rtc_timer_chan_alloc
 .text.z_nrf_rtc_timer_chan_free
                0x000000000000b164       0x1c zephyr/drivers/timer/libdrivers__timer.a(nrf_rtc_timer.c.obj)
                0x000000000000b164                z_nrf_rtc_timer_chan_free
 .text.sys_clock_set_timeout
                0x000000000000b180       0x64 zephyr/drivers/timer/libdrivers__timer.a(nrf_rtc_timer.c.obj)
                0x000000000000b180                sys_clock_set_timeout
 .text.sys_clock_elapsed
                0x000000000000b1e4       0x14 zephyr/drivers/timer/libdrivers__timer.a(nrf_rtc_timer.c.obj)
                0x000000000000b1e4                sys_clock_elapsed
 .text.sys_clock_disable
                0x000000000000b1f8       0x30 zephyr/drivers/timer/libdrivers__timer.a(nrf_rtc_timer.c.obj)
                0x000000000000b1f8                sys_clock_disable
 .text.get_buttons.part.0
                0x000000000000b228       0x28 modules/nrf/lib/dk_buttons_and_leds/lib..__nrf__lib__dk_buttons_and_leds.a(dk_buttons_and_leds.c.obj)
 .text.get_buttons
                0x000000000000b250       0x5c modules/nrf/lib/dk_buttons_and_leds/lib..__nrf__lib__dk_buttons_and_leds.a(dk_buttons_and_leds.c.obj)
 .text.dk_set_leds_state.part.0
                0x000000000000b2ac       0x68 modules/nrf/lib/dk_buttons_and_leds/lib..__nrf__lib__dk_buttons_and_leds.a(dk_buttons_and_leds.c.obj)
 .text.callback_ctrl
                0x000000000000b314       0xa4 modules/nrf/lib/dk_buttons_and_leds/lib..__nrf__lib__dk_buttons_and_leds.a(dk_buttons_and_leds.c.obj)
 .text.button_pressed
                0x000000000000b3b8       0x80 modules/nrf/lib/dk_buttons_and_leds/lib..__nrf__lib__dk_buttons_and_leds.a(dk_buttons_and_leds.c.obj)
 .text.buttons_scan_fn
                0x000000000000b438      0x114 modules/nrf/lib/dk_buttons_and_leds/lib..__nrf__lib__dk_buttons_and_leds.a(dk_buttons_and_leds.c.obj)
 .text.dk_leds_init
                0x000000000000b54c       0x54 modules/nrf/lib/dk_buttons_and_leds/lib..__nrf__lib__dk_buttons_and_leds.a(dk_buttons_and_leds.c.obj)
                0x000000000000b54c                dk_leds_init
 .text.dk_read_buttons
                0x000000000000b5a0       0x20 modules/nrf/lib/dk_buttons_and_leds/lib..__nrf__lib__dk_buttons_and_leds.a(dk_buttons_and_leds.c.obj)
                0x000000000000b5a0                dk_read_buttons
 .text.dk_buttons_init
                0x000000000000b5c0      0x124 modules/nrf/lib/dk_buttons_and_leds/lib..__nrf__lib__dk_buttons_and_leds.a(dk_buttons_and_leds.c.obj)
                0x000000000000b5c0                dk_buttons_init
 .text.dk_set_led
                0x000000000000b6e4       0x64 modules/nrf/lib/dk_buttons_and_leds/lib..__nrf__lib__dk_buttons_and_leds.a(dk_buttons_and_leds.c.obj)
                0x000000000000b6e4                dk_set_led
 .text.k_sys_fatal_error_handler
                0x000000000000b748       0x2c modules/nrf/lib/fatal_error/lib..__nrf__lib__fatal_error.a(fatal_error.c.obj)
                0x000000000000b748                k_sys_fatal_error_handler
 .text.nrf53_errata_42
                0x000000000000b774       0x24 modules/hal_nordic/nrfx/libmodules__hal_nordic__nrfx.a(system_nrf5340_application.c.obj)
 .text.SystemInit
                0x000000000000b798      0x1c4 modules/hal_nordic/nrfx/libmodules__hal_nordic__nrfx.a(system_nrf5340_application.c.obj)
                0x000000000000b798                SystemInit
 .text.nrfx_flag32_alloc
                0x000000000000b95c       0x40 modules/hal_nordic/nrfx/libmodules__hal_nordic__nrfx.a(nrfx_flag32_allocator.c.obj)
                0x000000000000b95c                nrfx_flag32_alloc
 .text.nrfx_flag32_free
                0x000000000000b99c       0x38 modules/hal_nordic/nrfx/libmodules__hal_nordic__nrfx.a(nrfx_flag32_allocator.c.obj)
                0x000000000000b99c                nrfx_flag32_free
 .text.nrfx_gppi_channels_enable
                0x000000000000b9d4        0xc modules/hal_nordic/nrfx/libmodules__hal_nordic__nrfx.a(nrfx_gppi_dppi.c.obj)
                0x000000000000b9d4                nrfx_gppi_channels_enable
 .text.nrfx_gppi_channels_disable
                0x000000000000b9e0        0xc modules/hal_nordic/nrfx/libmodules__hal_nordic__nrfx.a(nrfx_gppi_dppi.c.obj)
                0x000000000000b9e0                nrfx_gppi_channels_disable
 .text.nrfx_clock_init
                0x000000000000b9ec       0x20 modules/hal_nordic/nrfx/libmodules__hal_nordic__nrfx.a(nrfx_clock.c.obj)
                0x000000000000b9ec                nrfx_clock_init
 .text.nrfx_power_clock_irq_handler
                0x000000000000ba0c       0xb0 modules/hal_nordic/nrfx/libmodules__hal_nordic__nrfx.a(nrfx_clock.c.obj)
                0x000000000000ba0c                nrfx_power_clock_irq_handler
 .text.nrfx_dppi_channel_alloc
                0x000000000000babc        0xc modules/hal_nordic/nrfx/libmodules__hal_nordic__nrfx.a(nrfx_dppi.c.obj)
                0x000000000000babc                nrfx_dppi_channel_alloc
 .text.nrfx_dppi_channel_free
                0x000000000000bac8       0x1c modules/hal_nordic/nrfx/libmodules__hal_nordic__nrfx.a(nrfx_dppi.c.obj)
                0x000000000000bac8                nrfx_dppi_channel_free
 .text.nrf_gpio_pin_port_decode
                0x000000000000bae4       0x24 modules/hal_nordic/nrfx/libmodules__hal_nordic__nrfx.a(nrfx_gpiote.c.obj)
 .text.get_pin_idx
                0x000000000000bb08       0x14 modules/hal_nordic/nrfx/libmodules__hal_nordic__nrfx.a(nrfx_gpiote.c.obj)
 .text.pin_in_use_by_te
                0x000000000000bb1c       0x18 modules/hal_nordic/nrfx/libmodules__hal_nordic__nrfx.a(nrfx_gpiote.c.obj)
 .text.pin_is_output
                0x000000000000bb34       0x18 modules/hal_nordic/nrfx/libmodules__hal_nordic__nrfx.a(nrfx_gpiote.c.obj)
 .text.pin_te_get
                0x000000000000bb4c       0x18 modules/hal_nordic/nrfx/libmodules__hal_nordic__nrfx.a(nrfx_gpiote.c.obj)
 .text.call_handler
                0x000000000000bb64       0x40 modules/hal_nordic/nrfx/libmodules__hal_nordic__nrfx.a(nrfx_gpiote.c.obj)
 .text.release_handler
                0x000000000000bba4       0x58 modules/hal_nordic/nrfx/libmodules__hal_nordic__nrfx.a(nrfx_gpiote.c.obj)
 .text.__nrfy_internal_gpiote_events_process.constprop.0
                0x000000000000bbfc       0x54 modules/hal_nordic/nrfx/libmodules__hal_nordic__nrfx.a(nrfx_gpiote.c.obj)
 .text.nrfx_gpiote_input_configure
                0x000000000000bc50      0x170 modules/hal_nordic/nrfx/libmodules__hal_nordic__nrfx.a(nrfx_gpiote.c.obj)
                0x000000000000bc50                nrfx_gpiote_input_configure
 .text.nrfx_gpiote_output_configure
                0x000000000000bdc0       0xfc modules/hal_nordic/nrfx/libmodules__hal_nordic__nrfx.a(nrfx_gpiote.c.obj)
                0x000000000000bdc0                nrfx_gpiote_output_configure
 .text.nrfx_gpiote_global_callback_set
                0x000000000000bebc        0xc modules/hal_nordic/nrfx/libmodules__hal_nordic__nrfx.a(nrfx_gpiote.c.obj)
                0x000000000000bebc                nrfx_gpiote_global_callback_set
 .text.nrfx_gpiote_channel_get
                0x000000000000bec8       0x30 modules/hal_nordic/nrfx/libmodules__hal_nordic__nrfx.a(nrfx_gpiote.c.obj)
                0x000000000000bec8                nrfx_gpiote_channel_get
 .text.nrfx_gpiote_init
                0x000000000000bef8       0x50 modules/hal_nordic/nrfx/libmodules__hal_nordic__nrfx.a(nrfx_gpiote.c.obj)
                0x000000000000bef8                nrfx_gpiote_init
 .text.nrfx_gpiote_is_init
                0x000000000000bf48       0x14 modules/hal_nordic/nrfx/libmodules__hal_nordic__nrfx.a(nrfx_gpiote.c.obj)
                0x000000000000bf48                nrfx_gpiote_is_init
 .text.nrfx_gpiote_channel_free
                0x000000000000bf5c        0xc modules/hal_nordic/nrfx/libmodules__hal_nordic__nrfx.a(nrfx_gpiote.c.obj)
                0x000000000000bf5c                nrfx_gpiote_channel_free
 .text.nrfx_gpiote_channel_alloc
                0x000000000000bf68        0xc modules/hal_nordic/nrfx/libmodules__hal_nordic__nrfx.a(nrfx_gpiote.c.obj)
                0x000000000000bf68                nrfx_gpiote_channel_alloc
 .text.nrfx_gpiote_trigger_enable
                0x000000000000bf74       0x98 modules/hal_nordic/nrfx/libmodules__hal_nordic__nrfx.a(nrfx_gpiote.c.obj)
                0x000000000000bf74                nrfx_gpiote_trigger_enable
 .text.nrfx_gpiote_trigger_disable
                0x000000000000c00c       0x4c modules/hal_nordic/nrfx/libmodules__hal_nordic__nrfx.a(nrfx_gpiote.c.obj)
                0x000000000000c00c                nrfx_gpiote_trigger_disable
 .text.nrfx_gpiote_pin_uninit
                0x000000000000c058       0x84 modules/hal_nordic/nrfx/libmodules__hal_nordic__nrfx.a(nrfx_gpiote.c.obj)
                0x000000000000c058                nrfx_gpiote_pin_uninit
 .text.nrfx_gpiote_irq_handler
                0x000000000000c0dc      0x19c modules/hal_nordic/nrfx/libmodules__hal_nordic__nrfx.a(nrfx_gpiote.c.obj)
                0x000000000000c0dc                nrfx_gpiote_irq_handler
 .text.nrfx_ipc_init
                0x000000000000c278       0x30 modules/hal_nordic/nrfx/libmodules__hal_nordic__nrfx.a(nrfx_ipc.c.obj)
                0x000000000000c278                nrfx_ipc_init
 .text.nrfx_ipc_config_load
                0x000000000000c2a8       0x40 modules/hal_nordic/nrfx/libmodules__hal_nordic__nrfx.a(nrfx_ipc.c.obj)
                0x000000000000c2a8                nrfx_ipc_config_load
 .text.nrfx_ipc_receive_event_enable
                0x000000000000c2e8       0x10 modules/hal_nordic/nrfx/libmodules__hal_nordic__nrfx.a(nrfx_ipc.c.obj)
                0x000000000000c2e8                nrfx_ipc_receive_event_enable
 .text.nrfx_ipc_receive_event_disable
                0x000000000000c2f8       0x10 modules/hal_nordic/nrfx/libmodules__hal_nordic__nrfx.a(nrfx_ipc.c.obj)
                0x000000000000c2f8                nrfx_ipc_receive_event_disable
 .text.nrfx_ipc_irq_handler
                0x000000000000c308       0x40 modules/hal_nordic/nrfx/libmodules__hal_nordic__nrfx.a(nrfx_ipc.c.obj)
                0x000000000000c308                nrfx_ipc_irq_handler
 .text.metal_generic_dev_open
                0x000000000000c348       0x40 modules/libmetal/libmetal/lib/libmetal.a(device.c.obj)
                0x000000000000c348                metal_generic_dev_open
 .text.metal_bus_unregister
                0x000000000000c388       0x3c modules/libmetal/libmetal/lib/libmetal.a(device.c.obj)
                0x000000000000c388                metal_bus_unregister
 .text.metal_bus_find
                0x000000000000c3c4       0x3c modules/libmetal/libmetal/lib/libmetal.a(device.c.obj)
                0x000000000000c3c4                metal_bus_find
 .text.metal_bus_register
                0x000000000000c400       0x5c modules/libmetal/libmetal/lib/libmetal.a(device.c.obj)
                0x000000000000c400                metal_bus_register
 .text.metal_register_generic_device
                0x000000000000c45c       0x3c modules/libmetal/libmetal/lib/libmetal.a(device.c.obj)
                0x000000000000c45c                metal_register_generic_device
 .text.metal_init
                0x000000000000c498       0x40 modules/libmetal/libmetal/lib/libmetal.a(init.c.obj)
                0x000000000000c498                metal_init
 .text.metal_finish
                0x000000000000c4d8       0x18 modules/libmetal/libmetal/lib/libmetal.a(init.c.obj)
                0x000000000000c4d8                metal_finish
 .text.metal_sys_init
                0x000000000000c4f0       0x10 modules/libmetal/libmetal/lib/libmetal.a(init.c.obj)
                0x000000000000c4f0                metal_sys_init
 .text.metal_sys_finish
                0x000000000000c500        0xc modules/libmetal/libmetal/lib/libmetal.a(init.c.obj)
                0x000000000000c500                metal_sys_finish
 .text.metal_zephyr_log_handler
                0x000000000000c50c       0x3c modules/libmetal/libmetal/lib/libmetal.a(log.c.obj)
                0x000000000000c50c                metal_zephyr_log_handler
 .text.virtio_create_virtqueues
                0x000000000000c548       0xbc modules/open-amp/open-amp/lib/libopen_amp.a(virtio.c.obj)
                0x000000000000c548                virtio_create_virtqueues
 .text.virtqueue_free
                0x000000000000c604       0x38 modules/open-amp/open-amp/lib/libopen_amp.a(virtqueue.c.obj)
                0x000000000000c604                virtqueue_free
 .text.virtqueue_add_consumed_buffer
                0x000000000000c63c       0x38 modules/open-amp/open-amp/lib/libopen_amp.a(virtqueue.c.obj)
                0x000000000000c63c                virtqueue_add_consumed_buffer
 .text.rpmsg_send_offchannel_raw
                0x000000000000c674       0x2c modules/open-amp/open-amp/lib/libopen_amp.a(rpmsg.c.obj)
                0x000000000000c674                rpmsg_send_offchannel_raw
 .text.rpmsg_send_offchannel_nocopy
                0x000000000000c6a0       0x2c modules/open-amp/open-amp/lib/libopen_amp.a(rpmsg.c.obj)
                0x000000000000c6a0                rpmsg_send_offchannel_nocopy
 .text.rpmsg_register_endpoint
                0x000000000000c6cc       0x40 modules/open-amp/open-amp/lib/libopen_amp.a(rpmsg.c.obj)
                0x000000000000c6cc                rpmsg_register_endpoint
 .text.rpmsg_create_ept
                0x000000000000c70c      0x100 modules/open-amp/open-amp/lib/libopen_amp.a(rpmsg.c.obj)
                0x000000000000c70c                rpmsg_create_ept
 .text.rpmsg_virtio_send_offchannel_raw
                0x000000000000c80c       0x5c modules/open-amp/open-amp/lib/libopen_amp.a(rpmsg_virtio.c.obj)
 .text.rpmsg_virtio_get_buffer_size
                0x000000000000c868       0x4c modules/open-amp/open-amp/lib/libopen_amp.a(rpmsg_virtio.c.obj)
                0x000000000000c868                rpmsg_virtio_get_buffer_size
 .text.rpmsg_init_vdev_with_config
                0x000000000000c8b4      0x254 modules/open-amp/open-amp/lib/libopen_amp.a(rpmsg_virtio.c.obj)
                0x000000000000c8b4                rpmsg_init_vdev_with_config
 .text.rpmsg_init_vdev
                0x000000000000cb08       0x2c modules/open-amp/open-amp/lib/libopen_amp.a(rpmsg_virtio.c.obj)
                0x000000000000cb08                rpmsg_init_vdev
 .text.z_fatal_error
                0x000000000000cb34      0x104 zephyr/kernel/libkernel.a(fatal.c.obj)
                0x000000000000cb34                z_fatal_error
 .text.z_sys_init_run_level
                0x000000000000cc38       0x48 zephyr/kernel/libkernel.a(init.c.obj)
 .text.bg_thread_main
                0x000000000000cc80       0x34 zephyr/kernel/libkernel.a(init.c.obj)
 .text.z_bss_zero
                0x000000000000ccb4       0x18 zephyr/kernel/libkernel.a(init.c.obj)
                0x000000000000ccb4                z_bss_zero
 .text.z_init_cpu
                0x000000000000cccc       0x7c zephyr/kernel/libkernel.a(init.c.obj)
                0x000000000000cccc                z_init_cpu
 .text.z_cstart
                0x000000000000cd48       0xe4 zephyr/kernel/libkernel.a(init.c.obj)
                0x000000000000cd48                z_cstart
 .text.statics_init
                0x000000000000ce2c       0x24 zephyr/kernel/libkernel.a(kheap.c.obj)
 .text.init_mem_slab_module
                0x000000000000ce50       0x24 zephyr/kernel/libkernel.a(mem_slab.c.obj)
 .text.k_mem_slab_alloc
                0x000000000000ce74       0x5c zephyr/kernel/libkernel.a(mem_slab.c.obj)
                0x000000000000ce74                k_mem_slab_alloc
 .text.z_setup_new_thread
                0x000000000000ced0       0x7c zephyr/kernel/libkernel.a(thread.c.obj)
                0x000000000000ced0                z_setup_new_thread
 .text.z_impl_k_thread_create
                0x000000000000cf4c       0x58 zephyr/kernel/libkernel.a(thread.c.obj)
                0x000000000000cf4c                z_impl_k_thread_create
 .text.z_init_static_threads
                0x000000000000cfa4       0xb8 zephyr/kernel/libkernel.a(thread.c.obj)
                0x000000000000cfa4                z_init_static_threads
 .text.z_impl_k_mutex_lock
                0x000000000000d05c       0xf4 zephyr/kernel/libkernel.a(mutex.c.obj)
                0x000000000000d05c                z_impl_k_mutex_lock
 .text.z_impl_k_mutex_unlock
                0x000000000000d150       0x78 zephyr/kernel/libkernel.a(mutex.c.obj)
                0x000000000000d150                z_impl_k_mutex_unlock
 .text.z_impl_k_queue_get
                0x000000000000d1c8       0x68 zephyr/kernel/libkernel.a(queue.c.obj)
                0x000000000000d1c8                z_impl_k_queue_get
 .text.z_impl_k_sem_give
                0x000000000000d230       0x4c zephyr/kernel/libkernel.a(sem.c.obj)
                0x000000000000d230                z_impl_k_sem_give
 .text.z_impl_k_sem_take
                0x000000000000d27c       0x50 zephyr/kernel/libkernel.a(sem.c.obj)
                0x000000000000d27c                z_impl_k_sem_take
 .text.k_sys_work_q_init
                0x000000000000d2cc       0x34 zephyr/kernel/libkernel.a(system_work_q.c.obj)
 .text.work_queue_main
                0x000000000000d300      0x138 zephyr/kernel/libkernel.a(work.c.obj)
 .text.cancel_sync_locked
                0x000000000000d438       0x3c zephyr/kernel/libkernel.a(work.c.obj)
 .text.submit_to_queue_locked
                0x000000000000d474       0xb4 zephyr/kernel/libkernel.a(work.c.obj)
 .text.k_work_submit
                0x000000000000d528        0xc zephyr/kernel/libkernel.a(work.c.obj)
                0x000000000000d528                k_work_submit
 .text.k_work_queue_start
                0x000000000000d534       0x70 zephyr/kernel/libkernel.a(work.c.obj)
                0x000000000000d534                k_work_queue_start
 .text.k_work_queue_drain
                0x000000000000d5a4       0x7c zephyr/kernel/libkernel.a(work.c.obj)
                0x000000000000d5a4                k_work_queue_drain
 .text.k_work_schedule_for_queue
                0x000000000000d620       0x54 zephyr/kernel/libkernel.a(work.c.obj)
                0x000000000000d620                k_work_schedule_for_queue
 .text.k_work_schedule
                0x000000000000d674        0xc zephyr/kernel/libkernel.a(work.c.obj)
                0x000000000000d674                k_work_schedule
 .text.k_work_reschedule_for_queue
                0x000000000000d680       0x5c zephyr/kernel/libkernel.a(work.c.obj)
                0x000000000000d680                k_work_reschedule_for_queue
 .text.k_work_reschedule
                0x000000000000d6dc        0xc zephyr/kernel/libkernel.a(work.c.obj)
                0x000000000000d6dc                k_work_reschedule
 .text.sliceable
                0x000000000000d6e8       0x3c zephyr/kernel/libkernel.a(sched.c.obj)
 .text.slice_timeout
                0x000000000000d724       0x20 zephyr/kernel/libkernel.a(sched.c.obj)
 .text.z_reset_time_slice
                0x000000000000d744       0x50 zephyr/kernel/libkernel.a(sched.c.obj)
                0x000000000000d744                z_reset_time_slice
 .text.update_cache
                0x000000000000d794       0x3c zephyr/kernel/libkernel.a(sched.c.obj)
 .text.move_thread_to_end_of_prio_q
                0x000000000000d7d0       0x74 zephyr/kernel/libkernel.a(sched.c.obj)
 .text.ready_thread
                0x000000000000d844       0x68 zephyr/kernel/libkernel.a(sched.c.obj)
 .text.unready_thread
                0x000000000000d8ac       0x30 zephyr/kernel/libkernel.a(sched.c.obj)
 .text.pend_locked
                0x000000000000d8dc       0x30 zephyr/kernel/libkernel.a(sched.c.obj)
 .text.z_time_slice
                0x000000000000d90c       0x60 zephyr/kernel/libkernel.a(sched.c.obj)
                0x000000000000d90c                z_time_slice
 .text.z_pend_curr
                0x000000000000d96c       0x3c zephyr/kernel/libkernel.a(sched.c.obj)
                0x000000000000d96c                z_pend_curr
 .text.z_set_prio
                0x000000000000d9a8       0x8c zephyr/kernel/libkernel.a(sched.c.obj)
                0x000000000000d9a8                z_set_prio
 .text.z_reschedule
                0x000000000000da34       0x24 zephyr/kernel/libkernel.a(sched.c.obj)
                0x000000000000da34                z_reschedule
 .text.z_sched_start
                0x000000000000da58       0x3c zephyr/kernel/libkernel.a(sched.c.obj)
                0x000000000000da58                z_sched_start
 .text.z_impl_k_thread_suspend
                0x000000000000da94       0x64 zephyr/kernel/libkernel.a(sched.c.obj)
                0x000000000000da94                z_impl_k_thread_suspend
 .text.k_sched_lock
                0x000000000000daf8       0x28 zephyr/kernel/libkernel.a(sched.c.obj)
                0x000000000000daf8                k_sched_lock
 .text.k_sched_unlock
                0x000000000000db20       0x38 zephyr/kernel/libkernel.a(sched.c.obj)
                0x000000000000db20                k_sched_unlock
 .text.z_sched_init
                0x000000000000db58       0x10 zephyr/kernel/libkernel.a(sched.c.obj)
                0x000000000000db58                z_sched_init
 .text.z_impl_k_yield
                0x000000000000db68       0x7c zephyr/kernel/libkernel.a(sched.c.obj)
                0x000000000000db68                z_impl_k_yield
 .text.z_tick_sleep
                0x000000000000dbe4       0x88 zephyr/kernel/libkernel.a(sched.c.obj)
 .text.z_impl_k_sleep
                0x000000000000dc6c       0x34 zephyr/kernel/libkernel.a(sched.c.obj)
                0x000000000000dc6c                z_impl_k_sleep
 .text.z_impl_z_current_get
                0x000000000000dca0        0xc zephyr/kernel/libkernel.a(sched.c.obj)
                0x000000000000dca0                z_impl_z_current_get
 .text.z_thread_abort
                0x000000000000dcac       0xc0 zephyr/kernel/libkernel.a(sched.c.obj)
                0x000000000000dcac                z_thread_abort
 .text.z_sched_wait
                0x000000000000dd6c       0x24 zephyr/kernel/libkernel.a(sched.c.obj)
                0x000000000000dd6c                z_sched_wait
 .text.z_data_copy
                0x000000000000dd90       0x34 zephyr/kernel/libkernel.a(xip.c.obj)
                0x000000000000dd90                z_data_copy
 .text.elapsed  0x000000000000ddc4       0x14 zephyr/kernel/libkernel.a(timeout.c.obj)
 .text.next_timeout
                0x000000000000ddd8       0x40 zephyr/kernel/libkernel.a(timeout.c.obj)
 .text.remove_timeout
                0x000000000000de18       0x38 zephyr/kernel/libkernel.a(timeout.c.obj)
 .text.z_add_timeout
                0x000000000000de50       0xec zephyr/kernel/libkernel.a(timeout.c.obj)
                0x000000000000de50                z_add_timeout
 .text.sys_clock_announce
                0x000000000000df3c       0xd4 zephyr/kernel/libkernel.a(timeout.c.obj)
                0x000000000000df3c                sys_clock_announce
 .text.sys_clock_tick_get
                0x000000000000e010       0x34 zephyr/kernel/libkernel.a(timeout.c.obj)
                0x000000000000e010                sys_clock_tick_get
 .text.z_timer_expiration_handler
                0x000000000000e044       0xe4 zephyr/kernel/libkernel.a(timer.c.obj)
                0x000000000000e044                z_timer_expiration_handler
 .text.z_impl_k_timer_start
                0x000000000000e128       0x60 zephyr/kernel/libkernel.a(timer.c.obj)
                0x000000000000e128                z_impl_k_timer_start
 .text.z_impl_k_poll
                0x000000000000e188       0xb8 zephyr/kernel/libkernel.a(poll.c.obj)
                0x000000000000e188                z_impl_k_poll
 .text.z_impl_k_poll_signal_raise
                0x000000000000e240       0x50 zephyr/kernel/libkernel.a(poll.c.obj)
                0x000000000000e240                z_impl_k_poll_signal_raise
 .text.k_aligned_alloc
                0x000000000000e290       0x10 zephyr/kernel/libkernel.a(mempool.c.obj)
                0x000000000000e290                k_aligned_alloc
 .text.k_thread_system_pool_assign
                0x000000000000e2a0        0xc zephyr/kernel/libkernel.a(mempool.c.obj)
                0x000000000000e2a0                k_thread_system_pool_assign
 .text.z_thread_aligned_alloc
                0x000000000000e2ac       0x30 zephyr/kernel/libkernel.a(mempool.c.obj)
                0x000000000000e2ac                z_thread_aligned_alloc
 .text.boot_banner
                0x000000000000e2dc        0xc zephyr/kernel/libkernel.a(banner.c.obj)
                0x000000000000e2dc                boot_banner
 .text.nrf_cc3xx_platform_init_no_rng
                0x000000000000e2e8       0x38 C:/ncs/v2.5.0/nrfxlib/crypto/nrf_cc312_platform/lib/cortex-m33/soft-float/no-interrupts/libnrf_cc312_platform_0.9.18.a(nrf_cc3xx_platform.c.obj)
                0x000000000000e2e8                nrf_cc3xx_platform_init_no_rng
 .text.nrf_cc3xx_platform_abort
                0x000000000000e320       0x24 C:/ncs/v2.5.0/nrfxlib/crypto/nrf_cc312_platform/lib/cortex-m33/soft-float/no-interrupts/libnrf_cc312_platform_0.9.18.a(nrf_cc3xx_platform_abort.c.obj)
 .text.CC_PalAbort
                0x000000000000e344       0x44 C:/ncs/v2.5.0/nrfxlib/crypto/nrf_cc312_platform/lib/cortex-m33/soft-float/no-interrupts/libnrf_cc312_platform_0.9.18.a(nrf_cc3xx_platform_abort.c.obj)
                0x000000000000e344                CC_PalAbort
 .text.nrf_cc3xx_platform_set_abort
                0x000000000000e388       0x10 C:/ncs/v2.5.0/nrfxlib/crypto/nrf_cc312_platform/lib/cortex-m33/soft-float/no-interrupts/libnrf_cc312_platform_0.9.18.a(nrf_cc3xx_platform_abort.c.obj)
                0x000000000000e388                nrf_cc3xx_platform_set_abort
 .text.mutex_free
                0x000000000000e398       0x34 C:/ncs/v2.5.0/nrfxlib/crypto/nrf_cc312_platform/lib/cortex-m33/soft-float/no-interrupts/libnrf_cc312_platform_0.9.18.a(nrf_cc3xx_platform_mutex.c.obj)
 .text.mutex_lock
                0x000000000000e3cc       0x48 C:/ncs/v2.5.0/nrfxlib/crypto/nrf_cc312_platform/lib/cortex-m33/soft-float/no-interrupts/libnrf_cc312_platform_0.9.18.a(nrf_cc3xx_platform_mutex.c.obj)
 .text.mutex_unlock
                0x000000000000e414       0x38 C:/ncs/v2.5.0/nrfxlib/crypto/nrf_cc312_platform/lib/cortex-m33/soft-float/no-interrupts/libnrf_cc312_platform_0.9.18.a(nrf_cc3xx_platform_mutex.c.obj)
 .text.mutex_init
                0x000000000000e44c       0x20 C:/ncs/v2.5.0/nrfxlib/crypto/nrf_cc312_platform/lib/cortex-m33/soft-float/no-interrupts/libnrf_cc312_platform_0.9.18.a(nrf_cc3xx_platform_mutex.c.obj)
 .text.nrf_cc3xx_platform_set_mutexes
                0x000000000000e46c       0x78 C:/ncs/v2.5.0/nrfxlib/crypto/nrf_cc312_platform/lib/cortex-m33/soft-float/no-interrupts/libnrf_cc312_platform_0.9.18.a(nrf_cc3xx_platform_mutex.c.obj)
                0x000000000000e46c                nrf_cc3xx_platform_set_mutexes
 .text.CC_LibInitNoRng
                0x000000000000e4e4       0x28 C:/ncs/v2.5.0/nrfxlib/crypto/nrf_cc312_platform/lib/cortex-m33/soft-float/no-interrupts/libnrf_cc312_platform_0.9.18.a(cc_lib.c.obj)
                0x000000000000e4e4                CC_LibInitNoRng
 .text.CC_HalInit
                0x000000000000e50c        0x4 C:/ncs/v2.5.0/nrfxlib/crypto/nrf_cc312_platform/lib/cortex-m33/soft-float/no-interrupts/libnrf_cc312_platform_0.9.18.a(cc_hal.c.obj)
                0x000000000000e50c                CC_HalInit
 .text.CC_PalInit
                0x000000000000e510       0x5c C:/ncs/v2.5.0/nrfxlib/crypto/nrf_cc312_platform/lib/cortex-m33/soft-float/no-interrupts/libnrf_cc312_platform_0.9.18.a(cc_pal.c.obj)
                0x000000000000e510                CC_PalInit
 .text.CC_PalTerminate
                0x000000000000e56c       0x34 C:/ncs/v2.5.0/nrfxlib/crypto/nrf_cc312_platform/lib/cortex-m33/soft-float/no-interrupts/libnrf_cc312_platform_0.9.18.a(cc_pal.c.obj)
                0x000000000000e56c                CC_PalTerminate
 .text.CC_PalDmaInit
                0x000000000000e5a0        0x4 C:/ncs/v2.5.0/nrfxlib/crypto/nrf_cc312_platform/lib/cortex-m33/soft-float/no-interrupts/libnrf_cc312_platform_0.9.18.a(cc_pal_dma.c.obj)
                0x000000000000e5a0                CC_PalDmaInit
 .text.CC_PalDmaTerminate
                0x000000000000e5a4        0x4 C:/ncs/v2.5.0/nrfxlib/crypto/nrf_cc312_platform/lib/cortex-m33/soft-float/no-interrupts/libnrf_cc312_platform_0.9.18.a(cc_pal_dma.c.obj)
                0x000000000000e5a4                CC_PalDmaTerminate
 .text.CC_PalMutexCreate
                0x000000000000e5a8       0x14 C:/ncs/v2.5.0/nrfxlib/crypto/nrf_cc312_platform/lib/cortex-m33/soft-float/no-interrupts/libnrf_cc312_platform_0.9.18.a(cc_pal_mutex.c.obj)
                0x000000000000e5a8                CC_PalMutexCreate
 .text.CC_PalMutexDestroy
                0x000000000000e5bc       0x14 C:/ncs/v2.5.0/nrfxlib/crypto/nrf_cc312_platform/lib/cortex-m33/soft-float/no-interrupts/libnrf_cc312_platform_0.9.18.a(cc_pal_mutex.c.obj)
                0x000000000000e5bc                CC_PalMutexDestroy
 .text.CC_PalPowerSaveModeInit
                0x000000000000e5d0       0x3c C:/ncs/v2.5.0/nrfxlib/crypto/nrf_cc312_platform/lib/cortex-m33/soft-float/no-interrupts/libnrf_cc312_platform_0.9.18.a(cc_pal_pm.c.obj)
                0x000000000000e5d0                CC_PalPowerSaveModeInit
 .text.snprintf
                0x000000000000e60c       0x58 c:\ncs\toolchains\c57af46cb7\opt\zephyr-sdk\arm-zephyr-eabi\bin\../lib/gcc/../../picolibc/arm-zephyr-eabi/lib/thumb/v8-m.main/nofp\libc.a(libc_tinystdio_snprintf.c.o)
                0x000000000000e60c                snprintf
 .text.__i_vfprintf